#
# A fatal error has been detected by the Java Runtime Environment:
#
#  EXCEPTION_ACCESS_VIOLATION (0xc0000005) at pc=0x00007ffd32a6b881, pid=22420, tid=11728
#
# JRE version: OpenJDK Runtime Environment Corretto-22.0.2.9.1 (22.0.2+9) (build 22.0.2+9-FR)
# Java VM: OpenJDK 64-Bit Server VM Corretto-22.0.2.9.1 (22.0.2+9-FR, mixed mode, sharing, tiered, compressed oops, compressed class ptrs, g1 gc, windows-amd64)
# Problematic frame:
# C  [awt.dll+0xdb881]
#
# No core dump will be written. Minidumps are not enabled by default on client versions of Windows
#
# If you would like to submit a bug report, please visit:
#   https://github.com/corretto/corretto-22/issues/
# The crash happened outside the Java Virtual Machine in native code.
# See problematic frame for where to report the bug.
#

---------------  S U M M A R Y ------------

Command Line: -javaagent:C:\Program Files\JetBrains\IntelliJ IDEA 2024.3\lib\idea_rt.jar=51520:C:\Program Files\JetBrains\IntelliJ IDEA 2024.3\bin -Dfile.encoding=UTF-8 -Dsun.stdout.encoding=UTF-8 -Dsun.stderr.encoding=UTF-8 Main

Host: AMD Ryzen 5 2500U with Radeon Vega Mobile Gfx  , 8 cores, 7G,  Windows 10 , 64 bit Build 19041 (10.0.19041.5072)
Time: Thu Nov 21 18:49:01 2024 Eastern Standard Time elapsed time: 386.982647 seconds (0d 0h 6m 26s)

---------------  T H R E A D  ---------------

Current thread (0x0000027954471020):  JavaThread "AWT-Windows" daemon [_thread_in_native, id=11728, stack(0x0000007da3100000,0x0000007da3200000) (1024K)]

Stack: [0x0000007da3100000,0x0000007da3200000],  sp=0x0000007da31fe770,  free space=1017k
Native frames: (J=compiled Java code, j=interpreted, Vv=VM code, C=native code)
C  [awt.dll+0xdb881]  (no source info available)
C  [awt.dll+0x9768c]  (no source info available)
C  [awt.dll+0x97736]  (no source info available)
C  [awt.dll+0x94a96]  (no source info available)
C  [awt.dll+0xe09cb]  (no source info available)
C  [awt.dll+0xb0ccd]  (no source info available)
C  [awt.dll+0x97c6d]  (no source info available)
C  [USER32.dll+0xef5c]  (no source info available)
C  [USER32.dll+0xe9de]  (no source info available)
C  [awt.dll+0x16103]  (no source info available)
C  [COMCTL32.dll+0x89aaa]  (no source info available)
C  [COMCTL32.dll+0x898a7]  (no source info available)
C  [USER32.dll+0xef5c]  (no source info available)
C  [USER32.dll+0xe684]  (no source info available)
C  [awt.dll+0xd4cf5]  (no source info available)
C  [awt.dll+0xd6cb2]  (no source info available)
C  0x000002790753cfc7  (no source info available)

The last pc belongs to native method entry point (kind = native) (printed below).
Java frames: (J=compiled Java code, j=interpreted, Vv=VM code)
j  sun.awt.windows.WToolkit.eventLoop()V+0 java.desktop@22.0.2
j  sun.awt.windows.WToolkit.run()V+50 java.desktop@22.0.2
j  java.lang.Thread.runWith(Ljava/lang/Object;Ljava/lang/Runnable;)V+5 java.base@22.0.2
j  java.lang.Thread.run()V+19 java.base@22.0.2
v  ~StubRoutines::call_stub 0x000002790753100d

siginfo: EXCEPTION_ACCESS_VIOLATION (0xc0000005), reading address 0x0000000000000008


Registers:
RAX=0x0000000000000000, RBX=0x000002795ae54680, RCX=0x0000000000000000, RDX=0x0000000000000000
RSP=0x0000007da31fe770, RBP=0x0000007da31fe879, RSI=0x000000007a010d4a, RDI=0x0000000000000000
R8 =0x0000000000000001, R9 =0x0000007da31fe879, R10=0x0000000000000000, R11=0x0000000000000246
R12=0x0000000000000000, R13=0x0000000000000310, R14=0x0000000000000000, R15=0x0000000000000000
RIP=0x00007ffd32a6b881, EFLAGS=0x0000000000010246


Register to memory mapping:

RAX=0x0 is null
RBX=0x000002795ae54680 points into unknown readable memory: 0x0000027955986ca0 | a0 6c 98 55 79 02 00 00
RCX=0x0 is null
RDX=0x0 is null
RSP=0x0000007da31fe770 is pointing into the stack for thread: 0x0000027954471020
RBP=0x0000007da31fe879 is pointing into the stack for thread: 0x0000027954471020
RSI=0x000000007a010d4a is an unknown value
RDI=0x0 is null
R8 =0x0000000000000001 is an unknown value
R9 =0x0000007da31fe879 is pointing into the stack for thread: 0x0000027954471020
R10=0x0 is null
R11=0x0000000000000246 is an unknown value
R12=0x0 is null
R13=0x0000000000000310 is an unknown value
R14=0x0 is null
R15=0x0 is null

Top of Stack: (sp=0x0000007da31fe770)
0x0000007da31fe770:   00007ffd32ac8838 000000007a010d4a
0x0000007da31fe780:   0000000000000000 0000027955984d70
0x0000007da31fe790:   0000000000000000 00007ffd32a2768c
0x0000007da31fe7a0:   000000007a010d4a 0000027955984d70
0x0000007da31fe7b0:   000002795ae54680 00007ffd6649e9de
0x0000007da31fe7c0:   0000027955984d70 00007ffd32a27736
0x0000007da31fe7d0:   00007ffd32990000 0000000000000000
0x0000007da31fe7e0:   0000000000000000 0000000000000000
0x0000007da31fe7f0:   0000027955984d70 00007ffd32a24a96
0x0000007da31fe800:   0000027955984d70 0000000000000000
0x0000007da31fe810:   0000000000000000 0000007da31feb60
0x0000007da31fe820:   000000000000c226 00007ffcd01d1a5e
0x0000007da31fe830:   0000000000000000 0000027955dbfe08
0x0000007da31fe840:   0000000000000000 00007ffd481c9aaa
0x0000007da31fe850:   0000000000000000 00007ffd68229877
0x0000007da31fe860:   0000007da31fe920 00000279544713e0
0x0000007da31fe870:   0000027955984e10 0000000000000000
0x0000007da31fe880:   0000027954471020 000096d3162d101b
0x0000007da31fe890:   0000000000000001 0000000000000000
0x0000007da31fe8a0:   0000000000000000 0000000000000000
0x0000007da31fe8b0:   0000000000000000 0000000000000000
0x0000007da31fe8c0:   0000000000000000 0000027955984d70
0x0000007da31fe8d0:   0000000000000310 00007ffd32a709cb
0x0000007da31fe8e0:   0000000000000001 0000000000000000
0x0000007da31fe8f0:   0000000000000000 00007ffd32a90b09
0x0000007da31fe900:   00007ffd0000c226 00000279558942fa
0x0000007da31fe910:   0000000000000000 0000000000300690
0x0000007da31fe920:   000002796e6fbcc0 00007ffd664a0317
0x0000007da31fe930:   0000000000000000 00007ffd68229993
0x0000007da31fe940:   0000007da17bf800 00000000ffffffeb
0x0000007da31fe950:   0000000000000000 000096d3162d10fb
0x0000007da31fe960:   0000007da31feb60 0000000000000000 

Instructions: (pc=0x00007ffd32a6b881)
0x00007ffd32a6b781:   83 ec 28 66 0f 6e c2 0f 5b c0 f3 0f 59 41 48 0f
0x00007ffd32a6b791:   5a c8 f2 0f 10 05 f5 44 03 00 f2 0f 5c 0d 55 44
0x00007ffd32a6b7a1:   01 00 66 0f 2f c1 76 0a b8 00 00 00 80 48 83 c4
0x00007ffd32a6b7b1:   28 c3 66 0f 2f 0d d5 8d 02 00 76 0a b8 ff ff ff
0x00007ffd32a6b7c1:   7f 48 83 c4 28 c3 0f 28 c1 e8 af 0e 01 00 f2 0f
0x00007ffd32a6b7d1:   2c c0 48 83 c4 28 c3 cc cc cc cc cc cc cc cc 48
0x00007ffd32a6b7e1:   83 ec 28 66 0f 6e c2 0f 5b c0 f3 0f 59 41 4c 0f
0x00007ffd32a6b7f1:   5a c8 f2 0f 10 05 95 44 03 00 f2 0f 5c 0d f5 43
0x00007ffd32a6b801:   01 00 66 0f 2f c1 76 0a b8 00 00 00 80 48 83 c4
0x00007ffd32a6b811:   28 c3 66 0f 2f 0d 75 8d 02 00 76 0a b8 ff ff ff
0x00007ffd32a6b821:   7f 48 83 c4 28 c3 0f 28 c1 e8 4f 0e 01 00 f2 0f
0x00007ffd32a6b831:   2c c0 48 83 c4 28 c3 cc cc cc cc cc cc cc cc 48
0x00007ffd32a6b841:   8b 49 08 48 85 c9 0f 85 c3 80 fe ff 33 c0 c3 48
0x00007ffd32a6b851:   89 5c 24 08 48 89 74 24 10 57 48 83 ec 20 8b fa
0x00007ffd32a6b861:   48 8b f1 e8 57 c3 f4 ff 48 8b d8 48 89 44 24 40
0x00007ffd32a6b871:   41 b8 01 00 00 00 8b d7 48 8b c8 e8 bf c2 f4 ff
0x00007ffd32a6b881:   48 8b 48 08 48 85 c9 74 0d 48 8b d6 e8 7e 80 fe
0x00007ffd32a6b891:   ff 48 8b f8 eb 02 33 ff 48 8b cb e8 df c4 f4 ff
0x00007ffd32a6b8a1:   90 48 8b c7 48 8b 5c 24 30 48 8b 74 24 38 48 83
0x00007ffd32a6b8b1:   c4 20 5f c3 cc cc cc cc cc cc cc cc cc cc cc 48
0x00007ffd32a6b8c1:   8b 01 89 10 c3 cc cc cc cc cc cc cc cc cc cc 40
0x00007ffd32a6b8d1:   57 48 83 ec 40 48 83 79 38 00 48 8b f9 0f 84 96
0x00007ffd32a6b8e1:   01 00 00 48 8b 0d 6d 95 06 00 ba 02 00 01 00 48
0x00007ffd32a6b8f1:   89 5c 24 58 48 89 74 24 68 e8 a1 f5 00 00 4c 8b
0x00007ffd32a6b901:   05 92 9a 06 00 48 8b c8 48 8b 57 38 48 8b d8 4c
0x00007ffd32a6b911:   8b 08 41 ff 91 f8 02 00 00 48 8b f0 48 85 c0 0f
0x00007ffd32a6b921:   84 4a 01 00 00 4c 8b 0b 48 8b d0 4c 8b 05 55 9a
0x00007ffd32a6b931:   06 00 48 8b cb 41 ff 91 00 01 00 00 84 c0 0f 84
0x00007ffd32a6b941:   2b 01 00 00 48 8b 7f 08 48 8b d6 48 8b 03 48 8b
0x00007ffd32a6b951:   cb 4c 8b 05 47 9a 06 00 48 81 c7 00 04 00 00 48
0x00007ffd32a6b961:   89 6c 24 60 4c 89 64 24 38 ff 90 f8 02 00 00 4c
0x00007ffd32a6b971:   8b 0b 48 8b d6 4c 8b 05 2b 9a 06 00 48 8b cb 4c 


Stack slot to memory mapping:

stack at sp + 0 slots: 0x00007ffd32ac8838 awt.dll
stack at sp + 1 slots: 0x000000007a010d4a is an unknown value
stack at sp + 2 slots: 0x0 is null
stack at sp + 3 slots: 0x0000027955984d70 points into unknown readable memory: 0x00007ffd32a9b8d0 | d0 b8 a9 32 fd 7f 00 00
stack at sp + 4 slots: 0x0 is null
stack at sp + 5 slots: 0x00007ffd32a2768c awt.dll
stack at sp + 6 slots: 0x000000007a010d4a is an unknown value
stack at sp + 7 slots: 0x0000027955984d70 points into unknown readable memory: 0x00007ffd32a9b8d0 | d0 b8 a9 32 fd 7f 00 00

native method entry point (kind = native)  [0x000002790753cba0, 0x000002790753d6c0]  2848 bytes
[MachCode]
  0x000002790753cba0: 488b 4b08 | 0fb7 492e | 584c 8d74 | ccf8 6800 | 0000 0068 | 0000 0000 | 5055 488b | ec41 5568 
  0x000002790753cbc0: 0000 0000 | 4c8b 6b08 | 4d8d 6d38 | 5348 8b53 | 0848 8b52 | 0848 8b52 | 1848 8b52 | 7048 8b12 
  0x000002790753cbe0: 5248 8b53 | 1048 85d2 | 0f84 0700 | 0000 4881 | c210 0100 | 0052 488b | 5308 488b | 5208 488b 
  0x000002790753cc00: 5210 5249 | 8bc6 482b | c548 c1e8 | 0350 6800 | 0000 0068 | f7ff ffff | 41c6 8781 | 0400 0001 
  0x000002790753cc20: 488b 4310 | 4885 c074 | 208b 88cc | 0000 0083 | c102 8988 | cc00 0000 | 2388 e000 | 0000 0f84 
  0x000002790753cc40: cb09 0000 | e9cf 0000 | 0048 8b43 | 1848 85c0 | 0f85 b000 | 0000 e805 | 0000 00e9 | 9900 0000 
  0x000002790753cc60: 488b d348 | 8d44 2408 | 4c89 6dc0 | 498b cfc5 | f877 4989 | afb0 0300 | 0049 8987 | a003 0000 
  0x000002790753cc80: 4883 ec20 | 40f6 c40f | 0f84 1900 | 0000 4883 | ec08 48b8 | a0be 15d0 | fc7f 0000 | ffd0 4883 
  0x000002790753cca0: c408 e90c | 0000 0048 | b8a0 be15 | d0fc 7f00 | 00ff d048 | 83c4 2049 | c787 a003 | 0000 0000 
  0x000002790753ccc0: 0000 49c7 | 87b0 0300 | 0000 0000 | 0049 c787 | a803 0000 | 0000 0000 | c5f8 7749 | 837f 0800 
  0x000002790753cce0: 0f84 0500 | 0000 e915 | 42ff ff4c | 8b6d c04c | 8b75 c84e | 8d74 f500 | c348 8b43 | 1848 85c0 
  0x000002790753cd00: 0f84 1200 | 0000 8b48 | 0883 c102 | 8948 0823 | 481c 0f84 | f708 0000 | 493b a7f0 | 0400 000f 
  0x000002790753cd20: 8748 0000 | 0089 8424 | 00f0 ffff | 8984 2400 | e0ff ff89 | 8424 00d0 | ffff 8984 | 2400 c0ff 
  0x000002790753cd40: ff89 8424 | 00b0 ffff | 8984 2400 | a0ff ff89 | 8424 0090 | ffff 8984 | 2400 80ff | ff49 3ba7 
  0x000002790753cd60: e804 0000 | 7607 4989 | a7f0 0400 | 0041 c687 | 8104 0000 | 0049 bac8 | 73a3 d0fc | 7f00 0041 
  0x000002790753cd80: 803a 000f | 843e 0000 | 0048 8b55 | e849 8bcf | 4883 ec20 | 40f6 c40f | 0f84 1900 | 0000 4883 
  0x000002790753cda0: ec08 48b8 | 6019 4dd0 | fc7f 0000 | ffd0 4883 | c408 e90c | 0000 0048 | b860 194d | d0fc 7f00 
  0x000002790753cdc0: 00ff d048 | 83c4 2048 | 8b5d e84c | 8b5b 0845 | 0fb7 5b2e | 41c1 e303 | 492b e348 | 83ec 2048 
  0x000002790753cde0: 83e4 f04c | 8b5b 604d | 85db 0f85 | ab00 0000 | e805 0000 | 00e9 9900 | 0000 488b | d348 8d44 
  0x000002790753ce00: 2408 4c89 | 6dc0 498b | cfc5 f877 | 4989 afb0 | 0300 0049 | 8987 a003 | 0000 4883 | ec20 40f6 
  0x000002790753ce20: c40f 0f84 | 1900 0000 | 4883 ec08 | 48b8 90e5 | 15d0 fc7f | 0000 ffd0 | 4883 c408 | e90c 0000 
  0x000002790753ce40: 0048 b890 | e515 d0fc | 7f00 00ff | d048 83c4 | 2049 c787 | a003 0000 | 0000 0000 | 49c7 87b0 
  0x000002790753ce60: 0300 0000 | 0000 0049 | c787 a803 | 0000 0000 | 0000 c5f8 | 7749 837f | 0800 0f84 | 0500 0000 
  0x000002790753ce80: e97b 40ff | ff4c 8b6d | c04c 8b75 | c84e 8d74 | f500 c348 | 8b5d e84c | 8b5b 6041 | ffd3 488b 
  0x000002790753cea0: 5de8 4889 | 4518 448b | 5b28 41f6 | c308 0f84 | 1b00 0000 | 4c8b 5b08 | 4d8b 5b08 | 4d8b 5b18 
  0x000002790753cec0: 4d8b 5b70 | 4d8b 1b4c | 895d 1048 | 8d55 1048 | 8b43 5849 | ba70 6e4d | d0fc 7f00 | 0049 3bc2 
  0x000002790753cee0: 0f85 ab00 | 0000 e805 | 0000 00e9 | 9900 0000 | 488b d348 | 8d44 2408 | 4c89 6dc0 | 498b cfc5 
  0x000002790753cf00: f877 4989 | afb0 0300 | 0049 8987 | a003 0000 | 4883 ec20 | 40f6 c40f | 0f84 1900 | 0000 4883 
  0x000002790753cf20: ec08 48b8 | 90e5 15d0 | fc7f 0000 | ffd0 4883 | c408 e90c | 0000 0048 | b890 e515 | d0fc 7f00 
  0x000002790753cf40: 00ff d048 | 83c4 2049 | c787 a003 | 0000 0000 | 0000 49c7 | 87b0 0300 | 0000 0000 | 0049 c787 
  0x000002790753cf60: a803 0000 | 0000 0000 | c5f8 7749 | 837f 0800 | 0f84 0500 | 0000 e985 | 3fff ff4c | 8b6d c04c 
  0x000002790753cf80: 8b75 c84e | 8d74 f500 | c348 8b5d | e848 8b43 | 5849 8d8f | c003 0000 | c5f8 7749 | 89af b003 
  0x000002790753cfa0: 0000 49ba | 98cf 5307 | 7902 0000 | 4d89 97a8 | 0300 0049 | 89a7 a003 | 0000 41c7 | 8754 0400 
  0x000002790753cfc0: 0004 0000 | 00ff d0c5 | f877 4883 | ec10 c5fb | 1104 2448 | 83ec 1048 | 8904 2448 | c744 2408 
  0x000002790753cfe0: 0000 0000 | 41c7 8754 | 0400 0005 | 0000 00f0 | 8344 24c0 | 0049 3baf | 5804 0000 | 0f87 0e00 
  0x000002790753d000: 0000 4183 | bf50 0400 | 0000 0f84 | 2000 0000 | 498b cf4c | 8be4 4883 | ec20 4883 | e4f0 48b8 
  0x000002790753d020: 8040 17d0 | fc7f 0000 | ffd0 498b | e44d 33e4 | 41c7 8754 | 0400 0008 | 0000 0049 | c787 a003 
  0x000002790753d040: 0000 0000 | 0000 49c7 | 87b0 0300 | 0000 0000 | 0049 c787 | a803 0000 | 0000 0000 | c5f8 774d 
  0x000002790753d060: 8b9f 3004 | 0000 41c7 | 8300 0100 | 0000 0000 | 0049 bb1a | a553 0779 | 0200 004c | 3b5d 180f 
  0x000002790753d080: 8524 0200 | 0048 8b04 | 2448 83c4 | 1048 85c0 | 0f84 fe01 | 0000 a803 | 0f85 0800 | 0000 488b 
  0x000002790753d0a0: 00e9 ee01 | 0000 a801 | 0f85 0900 | 0000 488b | 40fe e9dd | 0100 0048 | 8b40 ff41 | 807f 3800 
  0x000002790753d0c0: 0f84 ce01 | 0000 4883 | f800 0f84 | c401 0000 | 4d8b 5f28 | 4983 fb00 | 0f84 1400 | 0000 4983 
  0x000002790753d0e0: eb08 4d89 | 5f28 4d03 | 5f30 4989 | 03e9 a201 | 0000 4881 | ecd0 0000 | 0048 8904 | 2448 894c 
  0x000002790753d100: 2408 4889 | 5424 1048 | 8974 2418 | 4889 7c24 | 204c 8944 | 2428 4c89 | 4c24 304c | 8954 2438 
  0x000002790753d120: 4c89 5c24 | 40c5 fb11 | 4424 50c5 | fb11 4c24 | 58c5 fb11 | 5424 60c5 | fb11 5c24 | 68c5 fb11 
  0x000002790753d140: 6424 70c5 | fb11 6c24 | 78c5 fb11 | b424 8000 | 0000 c5fb | 11bc 2488 | 0000 00c5 | 7b11 8424 
  0x000002790753d160: 9000 0000 | c57b 118c | 2498 0000 | 00c5 7b11 | 9424 a000 | 0000 c57b | 119c 24a8 | 0000 00c5 
  0x000002790753d180: 7b11 a424 | b000 0000 | c57b 11ac | 24b8 0000 | 00c5 7b11 | b424 c000 | 0000 c57b | 11bc 24c8 
  0x000002790753d1a0: 0000 0049 | 8bd7 488b | c848 83ec | 2040 f6c4 | 0f0f 8419 | 0000 0048 | 83ec 0848 | b810 410a 
  0x000002790753d1c0: d0fc 7f00 | 00ff d048 | 83c4 08e9 | 0c00 0000 | 48b8 1041 | 0ad0 fc7f | 0000 ffd0 | 4883 c420 
  0x000002790753d1e0: c57b 10bc | 24c8 0000 | 00c5 7b10 | b424 c000 | 0000 c57b | 10ac 24b8 | 0000 00c5 | 7b10 a424 
  0x000002790753d200: b000 0000 | c57b 109c | 24a8 0000 | 00c5 7b10 | 9424 a000 | 0000 c57b | 108c 2498 | 0000 00c5 
  0x000002790753d220: 7b10 8424 | 9000 0000 | c5fb 10bc | 2488 0000 | 00c5 fb10 | b424 8000 | 0000 c5fb | 106c 2478 
  0x000002790753d240: c5fb 1064 | 2470 c5fb | 105c 2468 | c5fb 1054 | 2460 c5fb | 104c 2458 | c5fb 1044 | 2450 4c8b 
  0x000002790753d260: 5c24 404c | 8b54 2438 | 4c8b 4c24 | 304c 8b44 | 2428 488b | 7c24 2048 | 8b74 2418 | 488b 5424 
  0x000002790753d280: 1048 8b4c | 2408 488b | 0424 4881 | c4d0 0000 | 00c5 f877 | 4889 4510 | 4883 ec10 | 4889 0424 
  0x000002790753d2a0: 48c7 4424 | 0800 0000 | 0041 83bf | d004 0000 | 020f 85bf | 0000 0048 | 81ec 8000 | 0000 4889 
  0x000002790753d2c0: 4424 7848 | 894c 2470 | 4889 5424 | 6848 895c | 2460 4889 | 6c24 5048 | 8974 2448 | 4889 7c24 
  0x000002790753d2e0: 404c 8944 | 2438 4c89 | 4c24 304c | 8954 2428 | 4c89 5c24 | 204c 8964 | 2418 4c89 | 6c24 104c 
  0x000002790753d300: 8974 2408 | 4c89 3c24 | 4c8b e448 | 83ec 2048 | 83e4 f048 | b840 514d | d0fc 7f00 | 00ff d049 
  0x000002790753d320: 8be4 4c8b | 3c24 4c8b | 7424 084c | 8b6c 2410 | 4c8b 6424 | 184c 8b5c | 2420 4c8b | 5424 284c 
  0x000002790753d340: 8b4c 2430 | 4c8b 4424 | 3848 8b7c | 2440 488b | 7424 4848 | 8b6c 2450 | 488b 5c24 | 6048 8b54 
  0x000002790753d360: 2468 488b | 4c24 7048 | 8b44 2478 | 4881 c480 | 0000 004d | 33e4 488b | 5de8 4c8b | 6b08 4d8d 
  0x000002790753d380: 6d38 4983 | 7f08 000f | 84bb 0000 | 00e8 0500 | 0000 e996 | 0000 0048 | 8d44 2408 | 4c89 6dc0 
  0x000002790753d3a0: 498b cfc5 | f877 4989 | afb0 0300 | 0049 8987 | a003 0000 | 4883 ec20 | 40f6 c40f | 0f84 1900 
  0x000002790753d3c0: 0000 4883 | ec08 48b8 | c003 16d0 | fc7f 0000 | ffd0 4883 | c408 e90c | 0000 0048 | b8c0 0316 
  0x000002790753d3e0: d0fc 7f00 | 00ff d048 | 83c4 2049 | c787 a003 | 0000 0000 | 0000 49c7 | 87b0 0300 | 0000 0000 
  0x000002790753d400: 0049 c787 | a803 0000 | 0000 0000 | c5f8 7749 | 837f 0800 | 0f84 0500 | 0000 e9e1 | 3aff ff4c 
  0x000002790753d420: 8b6d c04c | 8b75 c84e | 8d74 f500 | c348 b938 | b279 d0fc | 7f00 0048 | 83e4 f048 | b870 b33b 
  0x000002790753d440: d0fc 7f00 | 00ff d0f4 | 448b 5b28 | 41f6 c320 | 0f84 4401 | 0000 488d | 55a8 4c8b | 5a08 4d85 
  0x000002790753d460: db0f 85bb | 0000 00e8 | 0500 0000 | e996 0000 | 0048 8d44 | 2408 4c89 | 6dc0 498b | cfc5 f877 
  0x000002790753d480: 4989 afb0 | 0300 0049 | 8987 a003 | 0000 4883 | ec20 40f6 | c40f 0f84 | 1900 0000 | 4883 ec08 
  0x000002790753d4a0: 48b8 f002 | 16d0 fc7f | 0000 ffd0 | 4883 c408 | e90c 0000 | 0048 b8f0 | 0216 d0fc | 7f00 00ff 
  0x000002790753d4c0: d048 83c4 | 2049 c787 | a003 0000 | 0000 0000 | 49c7 87b0 | 0300 0000 | 0000 0049 | c787 a803 
  0x000002790753d4e0: 0000 0000 | 0000 c5f8 | 7749 837f | 0800 0f84 | 0500 0000 | e907 3aff | ff4c 8b6d | c04c 8b75 
  0x000002790753d500: c84e 8d74 | f500 c348 | b938 b279 | d0fc 7f00 | 0048 83e4 | f048 b870 | b33b d0fc | 7f00 00ff 
  0x000002790753d520: d0f4 4c89 | 6dc0 488d | 024c 8b4a | 0848 c742 | 0800 0000 | 004c 8b00 | 4d85 c00f | 840b 0000 
  0x000002790753d540: 00f0 4d0f | b101 0f85 | 0c00 0000 | 49ff 8f58 | 0500 00e9 | 3e00 0000 | 4c89 4a08 | 488b ca48 
  0x000002790753d560: 83ec 2040 | f6c4 0f0f | 8419 0000 | 0048 83ec | 0848 b8a0 | d515 d0fc | 7f00 00ff | d048 83c4 
  0x000002790753d580: 08e9 0c00 | 0000 48b8 | a0d5 15d0 | fc7f 0000 | ffd0 4883 | c420 4c8b | 6dc0 49ba | c873 a3d0 
  0x000002790753d5a0: fc7f 0000 | 4180 3a00 | 0f84 3e00 | 0000 488b | 55e8 498b | cf48 83ec | 2040 f6c4 | 0f0f 8419 
  0x000002790753d5c0: 0000 0048 | 83ec 0848 | b860 194d | d0fc 7f00 | 00ff d048 | 83c4 08e9 | 0c00 0000 | 48b8 6019 
  0x000002790753d5e0: 4dd0 fc7f | 0000 ffd0 | 4883 c420 | 488b 0424 | 4883 c410 | c5fb 1004 | 2448 83c4 | 104c 8b5d 
  0x000002790753d600: 1841 ffd3 | 4c8b 5df8 | c95f 498b | e3ff e7ba | 0000 0000 | e805 0000 | 00e9 9600 | 0000 488d 
  0x000002790753d620: 4424 084c | 896d c049 | 8bcf c5f8 | 7749 89af | b003 0000 | 4989 87a0 | 0300 0048 | 83ec 2040 
  0x000002790753d640: f6c4 0f0f | 8419 0000 | 0048 83ec | 0848 b870 | c915 d0fc | 7f00 00ff | d048 83c4 | 08e9 0c00 
  0x000002790753d660: 0000 48b8 | 70c9 15d0 | fc7f 0000 | ffd0 4883 | c420 49c7 | 87a0 0300 | 0000 0000 | 0049 c787 
  0x000002790753d680: b003 0000 | 0000 0000 | 49c7 87a8 | 0300 0000 | 0000 00c5 | f877 4983 | 7f08 000f | 8405 0000 
  0x000002790753d6a0: 00e9 5a38 | ffff 4c8b | 6dc0 4c8b | 75c8 4e8d | 74f5 00c3 | 488b 5de8 | e95b f6ff | ff66 6690 
[/MachCode]

---------------  P R O C E S S  ---------------

Threads class SMR info:
_java_thread_list=0x000002795aa8a340, length=22, elements={
0x000002797dc13060, 0x000002797dc14d90, 0x000002797dc190f0, 0x000002797dc19b50,
0x000002797dc205d0, 0x000002797dc24530, 0x000002797dc316f0, 0x000002797dc327b0,
0x000002797dbe2e80, 0x00000279542a8150, 0x00000279542a87c0, 0x000002795444f140,
0x000002795446e520, 0x0000027954471020, 0x0000027954485170, 0x000002796e1bfcc0,
0x0000027955cb42d0, 0x00000279559acd40, 0x000002795ab58e90, 0x0000027955c0b9a0,
0x0000027955c09240, 0x0000027955c0b310
}

Java Threads: ( => current thread )
  0x000002797dc13060 JavaThread "Reference Handler"          daemon [_thread_blocked, id=20508, stack(0x0000007da2400000,0x0000007da2500000) (1024K)]
  0x000002797dc14d90 JavaThread "Finalizer"                  daemon [_thread_blocked, id=22348, stack(0x0000007da2500000,0x0000007da2600000) (1024K)]
  0x000002797dc190f0 JavaThread "Signal Dispatcher"          daemon [_thread_blocked, id=22316, stack(0x0000007da2600000,0x0000007da2700000) (1024K)]
  0x000002797dc19b50 JavaThread "Attach Listener"            daemon [_thread_blocked, id=22320, stack(0x0000007da2700000,0x0000007da2800000) (1024K)]
  0x000002797dc205d0 JavaThread "Service Thread"             daemon [_thread_blocked, id=22360, stack(0x0000007da2800000,0x0000007da2900000) (1024K)]
  0x000002797dc24530 JavaThread "Monitor Deflation Thread"   daemon [_thread_blocked, id=22364, stack(0x0000007da2900000,0x0000007da2a00000) (1024K)]
  0x000002797dc316f0 JavaThread "C2 CompilerThread0"         daemon [_thread_blocked, id=9200, stack(0x0000007da2a00000,0x0000007da2b00000) (1024K)]
  0x000002797dc327b0 JavaThread "C1 CompilerThread0"         daemon [_thread_blocked, id=22484, stack(0x0000007da2b00000,0x0000007da2c00000) (1024K)]
  0x000002797dbe2e80 JavaThread "Common-Cleaner"             daemon [_thread_blocked, id=6772, stack(0x0000007da2c00000,0x0000007da2d00000) (1024K)]
  0x00000279542a8150 JavaThread "Monitor Ctrl-Break"         daemon [_thread_in_native, id=6584, stack(0x0000007da2d00000,0x0000007da2e00000) (1024K)]
  0x00000279542a87c0 JavaThread "Notification Thread"        daemon [_thread_blocked, id=22372, stack(0x0000007da2e00000,0x0000007da2f00000) (1024K)]
  0x000002795444f140 JavaThread "Java2D Disposer"            daemon [_thread_blocked, id=22512, stack(0x0000007da2f00000,0x0000007da3000000) (1024K)]
  0x000002795446e520 JavaThread "AWT-Shutdown"                      [_thread_blocked, id=9976, stack(0x0000007da3000000,0x0000007da3100000) (1024K)]
=>0x0000027954471020 JavaThread "AWT-Windows"                daemon [_thread_in_native, id=11728, stack(0x0000007da3100000,0x0000007da3200000) (1024K)]
  0x0000027954485170 JavaThread "AWT-EventQueue-0"                  [_thread_in_native, id=12572, stack(0x0000007da3200000,0x0000007da3300000) (1024K)]
  0x000002796e1bfcc0 JavaThread "DestroyJavaVM"                     [_thread_blocked, id=22308, stack(0x0000007da1c00000,0x0000007da1d00000) (1024K)]
  0x0000027955cb42d0 JavaThread "RMI TCP Accept-0"           daemon [_thread_in_native, id=21824, stack(0x0000007da3d00000,0x0000007da3e00000) (1024K)]
  0x00000279559acd40 JavaThread "RMI TCP Connection(1)-10.0.0.5" daemon [_thread_in_native, id=10840, stack(0x0000007da3e00000,0x0000007da3f00000) (1024K)]
  0x000002795ab58e90 JavaThread "RMI Scheduler(0)"           daemon [_thread_blocked, id=3612, stack(0x0000007da3f00000,0x0000007da4000000) (1024K)]
  0x0000027955c0b9a0 JavaThread "JMX server connection timeout 33" daemon [_thread_blocked, id=6532, stack(0x0000007da4000000,0x0000007da4100000) (1024K)]
  0x0000027955c09240 JavaThread "TimerQueue"                 daemon [_thread_blocked, id=2592, stack(0x0000007da3b00000,0x0000007da3c00000) (1024K)]
  0x0000027955c0b310 JavaThread "D3D Screen Updater"         daemon [_thread_in_native, id=22248, stack(0x0000007da4900000,0x0000007da4a00000) (1024K)]
Total: 22

Other Threads:
  0x000002797dbfcc20 VMThread "VM Thread"                           [id=22524, stack(0x0000007da2300000,0x0000007da2400000) (1024K)]
  0x000002797dbe0380 WatcherThread "VM Periodic Task Thread"        [id=22328, stack(0x0000007da2200000,0x0000007da2300000) (1024K)]
  0x0000027970310a90 WorkerThread "GC Thread#0"                     [id=21896, stack(0x0000007da1d00000,0x0000007da1e00000) (1024K)]
  0x000002795abf79d0 WorkerThread "GC Thread#1"                     [id=1652, stack(0x0000007da4200000,0x0000007da4300000) (1024K)]
  0x000002795abf7d80 WorkerThread "GC Thread#2"                     [id=8380, stack(0x0000007da4300000,0x0000007da4400000) (1024K)]
  0x000002795abf3e50 WorkerThread "GC Thread#3"                     [id=20696, stack(0x0000007da4400000,0x0000007da4500000) (1024K)]
  0x000002795abf4200 WorkerThread "GC Thread#4"                     [id=19360, stack(0x0000007da4500000,0x0000007da4600000) (1024K)]
  0x000002795acb86d0 WorkerThread "GC Thread#5"                     [id=21804, stack(0x0000007da4600000,0x0000007da4700000) (1024K)]
  0x000002795ac726e0 WorkerThread "GC Thread#6"                     [id=12860, stack(0x0000007da4700000,0x0000007da4800000) (1024K)]
  0x000002795ac76b80 WorkerThread "GC Thread#7"                     [id=20340, stack(0x0000007da4800000,0x0000007da4900000) (1024K)]
  0x00000279703210f0 ConcurrentGCThread "G1 Main Marker"            [id=9608, stack(0x0000007da1e00000,0x0000007da1f00000) (1024K)]
  0x00000279703223a0 WorkerThread "G1 Conc#0"                       [id=9364, stack(0x0000007da1f00000,0x0000007da2000000) (1024K)]
  0x000002797daaf130 ConcurrentGCThread "G1 Refine#0"               [id=22480, stack(0x0000007da2000000,0x0000007da2100000) (1024K)]
  0x000002797daafcb0 ConcurrentGCThread "G1 Service"                [id=12504, stack(0x0000007da2100000,0x0000007da2200000) (1024K)]
Total: 14

Threads with active compile tasks:
Total: 0

VM state: not at safepoint (normal execution)

VM Mutex/Monitor currently owned by a thread: None

Heap address: 0x0000000085a00000, size: 1958 MB, Compressed Oops mode: 32-bit

CDS archive(s) mapped at: [0x000002790f000000-0x000002790fc60000-0x000002790fc60000), size 12976128, SharedBaseAddress: 0x000002790f000000, ArchiveRelocationMode: 1.
Compressed class space mapped at: 0x0000027910000000-0x0000027950000000, reserved size: 1073741824
Narrow klass base: 0x000002790f000000, Narrow klass shift: 0, Narrow klass range: 0x41000000

GC Precious Log:
 CardTable entry size: 512
 Card Set container configuration: InlinePtr #cards 5 size 8 Array Of Cards #cards 12 size 40 Howl #buckets 4 coarsen threshold 1843 Howl Bitmap #cards 512 size 80 coarsen threshold 460 Card regions per heap region 1 cards per card region 2048
 CPUs: 8 total, 8 available
 Memory: 7828M
 Large Page Support: Disabled
 NUMA Support: Disabled
 Compressed Oops: Enabled (32-bit)
 Heap Region Size: 1M
 Heap Min Capacity: 8M
 Heap Initial Capacity: 124M
 Heap Max Capacity: 1958M
 Pre-touch: Disabled
 Parallel Workers: 8
 Concurrent Workers: 2
 Concurrent Refinement Workers: 8
 Periodic GC: Disabled

Heap:
 garbage-first heap   total reserved 2004992K, committed 126976K, used 48281K [0x0000000085a00000, 0x0000000100000000)
  region size 1024K, 6 young (6144K), 2 survivors (2048K)
 Metaspace       used 17048K, committed 17408K, reserved 1114112K
  class space    used 1888K, committed 2048K, reserved 1048576K

Heap Regions: E=young(eden), S=young(survivor), O=old, HS=humongous(starts), HC=humongous(continues), CS=collection set, F=free, TAMS=top-at-mark-start, PB=parsable bottom
|   0|0x0000000085a00000, 0x0000000085b00000, 0x0000000085b00000|100%|HS|  |TAMS 0x0000000085a00000| PB 0x0000000085a00000| Complete |  0
|   1|0x0000000085b00000, 0x0000000085c00000, 0x0000000085c00000|100%|HS|  |TAMS 0x0000000085b00000| PB 0x0000000085b00000| Complete |  0
|   2|0x0000000085c00000, 0x0000000085d00000, 0x0000000085d00000|100%|HS|  |TAMS 0x0000000085c00000| PB 0x0000000085c00000| Complete |  0
|   3|0x0000000085d00000, 0x0000000085e00000, 0x0000000085e00000|100%|HS|  |TAMS 0x0000000085d00000| PB 0x0000000085d00000| Complete |  0
|   4|0x0000000085e00000, 0x0000000085f00000, 0x0000000085f00000|100%|HS|  |TAMS 0x0000000085e00000| PB 0x0000000085e00000| Complete |  0
|   5|0x0000000085f00000, 0x0000000086000000, 0x0000000086000000|100%|HS|  |TAMS 0x0000000085f00000| PB 0x0000000085f00000| Complete |  0
|   6|0x0000000086000000, 0x0000000086100000, 0x0000000086100000|100%| O|  |TAMS 0x0000000086000000| PB 0x0000000086000000| Untracked |  0
|   7|0x0000000086100000, 0x0000000086200000, 0x0000000086200000|100%| O|  |TAMS 0x0000000086100000| PB 0x0000000086100000| Untracked |  0
|   8|0x0000000086200000, 0x0000000086300000, 0x0000000086300000|100%|HS|  |TAMS 0x0000000086200000| PB 0x0000000086200000| Complete |  0
|   9|0x0000000086300000, 0x0000000086400000, 0x0000000086400000|100%|HS|  |TAMS 0x0000000086300000| PB 0x0000000086300000| Complete |  0
|  10|0x0000000086400000, 0x0000000086500000, 0x0000000086500000|100%|HS|  |TAMS 0x0000000086400000| PB 0x0000000086400000| Complete |  0
|  11|0x0000000086500000, 0x0000000086600000, 0x0000000086600000|100%|HS|  |TAMS 0x0000000086500000| PB 0x0000000086500000| Complete |  0
|  12|0x0000000086600000, 0x0000000086700000, 0x0000000086700000|100%| O|  |TAMS 0x0000000086600000| PB 0x0000000086600000| Untracked |  0
|  13|0x0000000086700000, 0x0000000086800000, 0x0000000086800000|100%| O|  |TAMS 0x0000000086700000| PB 0x0000000086700000| Untracked |  0
|  14|0x0000000086800000, 0x0000000086843f00, 0x0000000086900000| 26%| O|  |TAMS 0x0000000086800000| PB 0x0000000086800000| Untracked |  0
|  15|0x0000000086900000, 0x0000000086a00000, 0x0000000086a00000|100%|HS|  |TAMS 0x0000000086900000| PB 0x0000000086900000| Complete |  0
|  16|0x0000000086a00000, 0x0000000086b00000, 0x0000000086b00000|100%|HS|  |TAMS 0x0000000086a00000| PB 0x0000000086a00000| Complete |  0
|  17|0x0000000086b00000, 0x0000000086c00000, 0x0000000086c00000|100%|HS|  |TAMS 0x0000000086b00000| PB 0x0000000086b00000| Complete |  0
|  18|0x0000000086c00000, 0x0000000086d00000, 0x0000000086d00000|100%|HS|  |TAMS 0x0000000086c00000| PB 0x0000000086c00000| Complete |  0
|  19|0x0000000086d00000, 0x0000000086e00000, 0x0000000086e00000|100%|HS|  |TAMS 0x0000000086d00000| PB 0x0000000086d00000| Complete |  0
|  20|0x0000000086e00000, 0x0000000086f00000, 0x0000000086f00000|100%|HS|  |TAMS 0x0000000086e00000| PB 0x0000000086e00000| Complete |  0
|  21|0x0000000086f00000, 0x0000000087000000, 0x0000000087000000|100%|HS|  |TAMS 0x0000000086f00000| PB 0x0000000086f00000| Complete |  0
|  22|0x0000000087000000, 0x0000000087100000, 0x0000000087100000|100%|HS|  |TAMS 0x0000000087000000| PB 0x0000000087000000| Complete |  0
|  23|0x0000000087100000, 0x0000000087200000, 0x0000000087200000|100%|HS|  |TAMS 0x0000000087100000| PB 0x0000000087100000| Complete |  0
|  24|0x0000000087200000, 0x0000000087300000, 0x0000000087300000|100%|HS|  |TAMS 0x0000000087200000| PB 0x0000000087200000| Complete |  0
|  25|0x0000000087300000, 0x0000000087400000, 0x0000000087400000|100%|HS|  |TAMS 0x0000000087300000| PB 0x0000000087300000| Complete |  0
|  26|0x0000000087400000, 0x0000000087500000, 0x0000000087500000|100%|HS|  |TAMS 0x0000000087400000| PB 0x0000000087400000| Complete |  0
|  27|0x0000000087500000, 0x0000000087600000, 0x0000000087600000|100%|HS|  |TAMS 0x0000000087500000| PB 0x0000000087500000| Complete |  0
|  28|0x0000000087600000, 0x0000000087700000, 0x0000000087700000|100%|HS|  |TAMS 0x0000000087600000| PB 0x0000000087600000| Complete |  0
|  29|0x0000000087700000, 0x0000000087800000, 0x0000000087800000|100%|HS|  |TAMS 0x0000000087700000| PB 0x0000000087700000| Complete |  0
|  30|0x0000000087800000, 0x0000000087900000, 0x0000000087900000|100%|HS|  |TAMS 0x0000000087800000| PB 0x0000000087800000| Complete |  0
|  31|0x0000000087900000, 0x0000000087a00000, 0x0000000087a00000|100%|HS|  |TAMS 0x0000000087900000| PB 0x0000000087900000| Complete |  0
|  32|0x0000000087a00000, 0x0000000087b00000, 0x0000000087b00000|100%|HS|  |TAMS 0x0000000087a00000| PB 0x0000000087a00000| Complete |  0
|  33|0x0000000087b00000, 0x0000000087c00000, 0x0000000087c00000|100%|HS|  |TAMS 0x0000000087b00000| PB 0x0000000087b00000| Complete |  0
|  34|0x0000000087c00000, 0x0000000087d00000, 0x0000000087d00000|100%|HS|  |TAMS 0x0000000087c00000| PB 0x0000000087c00000| Complete |  0
|  35|0x0000000087d00000, 0x0000000087e00000, 0x0000000087e00000|100%|HS|  |TAMS 0x0000000087d00000| PB 0x0000000087d00000| Complete |  0
|  36|0x0000000087e00000, 0x0000000087f00000, 0x0000000087f00000|100%|HS|  |TAMS 0x0000000087e00000| PB 0x0000000087e00000| Complete |  0
|  37|0x0000000087f00000, 0x0000000088000000, 0x0000000088000000|100%|HS|  |TAMS 0x0000000087f00000| PB 0x0000000087f00000| Complete |  0
|  38|0x0000000088000000, 0x0000000088100000, 0x0000000088100000|100%|HS|  |TAMS 0x0000000088000000| PB 0x0000000088000000| Complete |  0
|  39|0x0000000088100000, 0x0000000088200000, 0x0000000088200000|100%|HS|  |TAMS 0x0000000088100000| PB 0x0000000088100000| Complete |  0
|  40|0x0000000088200000, 0x0000000088300000, 0x0000000088300000|100%|HS|  |TAMS 0x0000000088200000| PB 0x0000000088200000| Complete |  0
|  41|0x0000000088300000, 0x0000000088400000, 0x0000000088400000|100%|HS|  |TAMS 0x0000000088300000| PB 0x0000000088300000| Complete |  0
|  42|0x0000000088400000, 0x0000000088500000, 0x0000000088500000|100%|HS|  |TAMS 0x0000000088400000| PB 0x0000000088400000| Complete |  0
|  43|0x0000000088500000, 0x0000000088500000, 0x0000000088600000|  0%| F|  |TAMS 0x0000000088500000| PB 0x0000000088500000| Untracked |  0
|  44|0x0000000088600000, 0x0000000088600000, 0x0000000088700000|  0%| F|  |TAMS 0x0000000088600000| PB 0x0000000088600000| Untracked |  0
|  45|0x0000000088700000, 0x0000000088700000, 0x0000000088800000|  0%| F|  |TAMS 0x0000000088700000| PB 0x0000000088700000| Untracked |  0
|  46|0x0000000088800000, 0x0000000088800000, 0x0000000088900000|  0%| F|  |TAMS 0x0000000088800000| PB 0x0000000088800000| Untracked |  0
|  47|0x0000000088900000, 0x0000000088900000, 0x0000000088a00000|  0%| F|  |TAMS 0x0000000088900000| PB 0x0000000088900000| Untracked |  0
|  48|0x0000000088a00000, 0x0000000088ae28b0, 0x0000000088b00000| 88%| S|CS|TAMS 0x0000000088a00000| PB 0x0000000088a00000| Complete |  0
|  49|0x0000000088b00000, 0x0000000088c00000, 0x0000000088c00000|100%| S|CS|TAMS 0x0000000088b00000| PB 0x0000000088b00000| Complete |  0
|  50|0x0000000088c00000, 0x0000000088c00000, 0x0000000088d00000|  0%| F|  |TAMS 0x0000000088c00000| PB 0x0000000088c00000| Untracked |  0
|  51|0x0000000088d00000, 0x0000000088d00000, 0x0000000088e00000|  0%| F|  |TAMS 0x0000000088d00000| PB 0x0000000088d00000| Untracked |  0
|  52|0x0000000088e00000, 0x0000000088e00000, 0x0000000088f00000|  0%| F|  |TAMS 0x0000000088e00000| PB 0x0000000088e00000| Untracked |  0
|  53|0x0000000088f00000, 0x0000000088f00000, 0x0000000089000000|  0%| F|  |TAMS 0x0000000088f00000| PB 0x0000000088f00000| Untracked |  0
|  54|0x0000000089000000, 0x0000000089000000, 0x0000000089100000|  0%| F|  |TAMS 0x0000000089000000| PB 0x0000000089000000| Untracked |  0
|  55|0x0000000089100000, 0x0000000089100000, 0x0000000089200000|  0%| F|  |TAMS 0x0000000089100000| PB 0x0000000089100000| Untracked |  0
|  56|0x0000000089200000, 0x0000000089200000, 0x0000000089300000|  0%| F|  |TAMS 0x0000000089200000| PB 0x0000000089200000| Untracked |  0
|  57|0x0000000089300000, 0x0000000089300000, 0x0000000089400000|  0%| F|  |TAMS 0x0000000089300000| PB 0x0000000089300000| Untracked |  0
|  58|0x0000000089400000, 0x0000000089400000, 0x0000000089500000|  0%| F|  |TAMS 0x0000000089400000| PB 0x0000000089400000| Untracked |  0
|  59|0x0000000089500000, 0x0000000089500000, 0x0000000089600000|  0%| F|  |TAMS 0x0000000089500000| PB 0x0000000089500000| Untracked |  0
|  60|0x0000000089600000, 0x0000000089600000, 0x0000000089700000|  0%| F|  |TAMS 0x0000000089600000| PB 0x0000000089600000| Untracked |  0
|  61|0x0000000089700000, 0x0000000089700000, 0x0000000089800000|  0%| F|  |TAMS 0x0000000089700000| PB 0x0000000089700000| Untracked |  0
|  62|0x0000000089800000, 0x0000000089800000, 0x0000000089900000|  0%| F|  |TAMS 0x0000000089800000| PB 0x0000000089800000| Untracked |  0
|  63|0x0000000089900000, 0x0000000089900000, 0x0000000089a00000|  0%| F|  |TAMS 0x0000000089900000| PB 0x0000000089900000| Untracked |  0
|  64|0x0000000089a00000, 0x0000000089a00000, 0x0000000089b00000|  0%| F|  |TAMS 0x0000000089a00000| PB 0x0000000089a00000| Untracked |  0
|  65|0x0000000089b00000, 0x0000000089b00000, 0x0000000089c00000|  0%| F|  |TAMS 0x0000000089b00000| PB 0x0000000089b00000| Untracked |  0
|  66|0x0000000089c00000, 0x0000000089c00000, 0x0000000089d00000|  0%| F|  |TAMS 0x0000000089c00000| PB 0x0000000089c00000| Untracked |  0
|  67|0x0000000089d00000, 0x0000000089d00000, 0x0000000089e00000|  0%| F|  |TAMS 0x0000000089d00000| PB 0x0000000089d00000| Untracked |  0
|  68|0x0000000089e00000, 0x0000000089e00000, 0x0000000089f00000|  0%| F|  |TAMS 0x0000000089e00000| PB 0x0000000089e00000| Untracked |  0
|  69|0x0000000089f00000, 0x0000000089f00000, 0x000000008a000000|  0%| F|  |TAMS 0x0000000089f00000| PB 0x0000000089f00000| Untracked |  0
|  70|0x000000008a000000, 0x000000008a000000, 0x000000008a100000|  0%| F|  |TAMS 0x000000008a000000| PB 0x000000008a000000| Untracked |  0
|  71|0x000000008a100000, 0x000000008a100000, 0x000000008a200000|  0%| F|  |TAMS 0x000000008a100000| PB 0x000000008a100000| Untracked |  0
|  72|0x000000008a200000, 0x000000008a200000, 0x000000008a300000|  0%| F|  |TAMS 0x000000008a200000| PB 0x000000008a200000| Untracked |  0
|  73|0x000000008a300000, 0x000000008a300000, 0x000000008a400000|  0%| F|  |TAMS 0x000000008a300000| PB 0x000000008a300000| Untracked |  0
|  74|0x000000008a400000, 0x000000008a400000, 0x000000008a500000|  0%| F|  |TAMS 0x000000008a400000| PB 0x000000008a400000| Untracked |  0
|  75|0x000000008a500000, 0x000000008a500000, 0x000000008a600000|  0%| F|  |TAMS 0x000000008a500000| PB 0x000000008a500000| Untracked |  0
|  76|0x000000008a600000, 0x000000008a600000, 0x000000008a700000|  0%| F|  |TAMS 0x000000008a600000| PB 0x000000008a600000| Untracked |  0
|  77|0x000000008a700000, 0x000000008a700000, 0x000000008a800000|  0%| F|  |TAMS 0x000000008a700000| PB 0x000000008a700000| Untracked |  0
|  78|0x000000008a800000, 0x000000008a800000, 0x000000008a900000|  0%| F|  |TAMS 0x000000008a800000| PB 0x000000008a800000| Untracked |  0
|  79|0x000000008a900000, 0x000000008a900000, 0x000000008aa00000|  0%| F|  |TAMS 0x000000008a900000| PB 0x000000008a900000| Untracked |  0
|  80|0x000000008aa00000, 0x000000008aa00000, 0x000000008ab00000|  0%| F|  |TAMS 0x000000008aa00000| PB 0x000000008aa00000| Untracked |  0
|  81|0x000000008ab00000, 0x000000008ab00000, 0x000000008ac00000|  0%| F|  |TAMS 0x000000008ab00000| PB 0x000000008ab00000| Untracked |  0
|  82|0x000000008ac00000, 0x000000008ac00000, 0x000000008ad00000|  0%| F|  |TAMS 0x000000008ac00000| PB 0x000000008ac00000| Untracked |  0
|  83|0x000000008ad00000, 0x000000008ad00000, 0x000000008ae00000|  0%| F|  |TAMS 0x000000008ad00000| PB 0x000000008ad00000| Untracked |  0
|  84|0x000000008ae00000, 0x000000008ae00000, 0x000000008af00000|  0%| F|  |TAMS 0x000000008ae00000| PB 0x000000008ae00000| Untracked |  0
|  85|0x000000008af00000, 0x000000008af00000, 0x000000008b000000|  0%| F|  |TAMS 0x000000008af00000| PB 0x000000008af00000| Untracked |  0
|  86|0x000000008b000000, 0x000000008b000000, 0x000000008b100000|  0%| F|  |TAMS 0x000000008b000000| PB 0x000000008b000000| Untracked |  0
|  87|0x000000008b100000, 0x000000008b100000, 0x000000008b200000|  0%| F|  |TAMS 0x000000008b100000| PB 0x000000008b100000| Untracked |  0
|  88|0x000000008b200000, 0x000000008b200000, 0x000000008b300000|  0%| F|  |TAMS 0x000000008b200000| PB 0x000000008b200000| Untracked |  0
|  89|0x000000008b300000, 0x000000008b300000, 0x000000008b400000|  0%| F|  |TAMS 0x000000008b300000| PB 0x000000008b300000| Untracked |  0
|  90|0x000000008b400000, 0x000000008b400000, 0x000000008b500000|  0%| F|  |TAMS 0x000000008b400000| PB 0x000000008b400000| Untracked |  0
|  91|0x000000008b500000, 0x000000008b500000, 0x000000008b600000|  0%| F|  |TAMS 0x000000008b500000| PB 0x000000008b500000| Untracked |  0
|  92|0x000000008b600000, 0x000000008b600000, 0x000000008b700000|  0%| F|  |TAMS 0x000000008b600000| PB 0x000000008b600000| Untracked |  0
|  93|0x000000008b700000, 0x000000008b700000, 0x000000008b800000|  0%| F|  |TAMS 0x000000008b700000| PB 0x000000008b700000| Untracked |  0
|  94|0x000000008b800000, 0x000000008b800000, 0x000000008b900000|  0%| F|  |TAMS 0x000000008b800000| PB 0x000000008b800000| Untracked |  0
|  95|0x000000008b900000, 0x000000008b900000, 0x000000008ba00000|  0%| F|  |TAMS 0x000000008b900000| PB 0x000000008b900000| Untracked |  0
|  96|0x000000008ba00000, 0x000000008ba00000, 0x000000008bb00000|  0%| F|  |TAMS 0x000000008ba00000| PB 0x000000008ba00000| Untracked |  0
|  97|0x000000008bb00000, 0x000000008bb00000, 0x000000008bc00000|  0%| F|  |TAMS 0x000000008bb00000| PB 0x000000008bb00000| Untracked |  0
|  98|0x000000008bc00000, 0x000000008bc00000, 0x000000008bd00000|  0%| F|  |TAMS 0x000000008bc00000| PB 0x000000008bc00000| Untracked |  0
|  99|0x000000008bd00000, 0x000000008bd00000, 0x000000008be00000|  0%| F|  |TAMS 0x000000008bd00000| PB 0x000000008bd00000| Untracked |  0
| 100|0x000000008be00000, 0x000000008be00000, 0x000000008bf00000|  0%| F|  |TAMS 0x000000008be00000| PB 0x000000008be00000| Untracked |  0
| 101|0x000000008bf00000, 0x000000008bf00000, 0x000000008c000000|  0%| F|  |TAMS 0x000000008bf00000| PB 0x000000008bf00000| Untracked |  0
| 102|0x000000008c000000, 0x000000008c000000, 0x000000008c100000|  0%| F|  |TAMS 0x000000008c000000| PB 0x000000008c000000| Untracked |  0
| 103|0x000000008c100000, 0x000000008c100000, 0x000000008c200000|  0%| F|  |TAMS 0x000000008c100000| PB 0x000000008c100000| Untracked |  0
| 104|0x000000008c200000, 0x000000008c200000, 0x000000008c300000|  0%| F|  |TAMS 0x000000008c200000| PB 0x000000008c200000| Untracked |  0
| 105|0x000000008c300000, 0x000000008c300000, 0x000000008c400000|  0%| F|  |TAMS 0x000000008c300000| PB 0x000000008c300000| Untracked |  0
| 106|0x000000008c400000, 0x000000008c400000, 0x000000008c500000|  0%| F|  |TAMS 0x000000008c400000| PB 0x000000008c400000| Untracked |  0
| 107|0x000000008c500000, 0x000000008c500000, 0x000000008c600000|  0%| F|  |TAMS 0x000000008c500000| PB 0x000000008c500000| Untracked |  0
| 108|0x000000008c600000, 0x000000008c600000, 0x000000008c700000|  0%| F|  |TAMS 0x000000008c600000| PB 0x000000008c600000| Untracked |  0
| 109|0x000000008c700000, 0x000000008c700000, 0x000000008c800000|  0%| F|  |TAMS 0x000000008c700000| PB 0x000000008c700000| Untracked |  0
| 110|0x000000008c800000, 0x000000008c800000, 0x000000008c900000|  0%| F|  |TAMS 0x000000008c800000| PB 0x000000008c800000| Untracked |  0
| 111|0x000000008c900000, 0x000000008c900000, 0x000000008ca00000|  0%| F|  |TAMS 0x000000008c900000| PB 0x000000008c900000| Untracked |  0
| 112|0x000000008ca00000, 0x000000008ca00000, 0x000000008cb00000|  0%| F|  |TAMS 0x000000008ca00000| PB 0x000000008ca00000| Untracked |  0
| 113|0x000000008cb00000, 0x000000008cb00000, 0x000000008cc00000|  0%| F|  |TAMS 0x000000008cb00000| PB 0x000000008cb00000| Untracked |  0
| 114|0x000000008cc00000, 0x000000008cc00000, 0x000000008cd00000|  0%| F|  |TAMS 0x000000008cc00000| PB 0x000000008cc00000| Untracked |  0
| 115|0x000000008cd00000, 0x000000008cd00000, 0x000000008ce00000|  0%| F|  |TAMS 0x000000008cd00000| PB 0x000000008cd00000| Untracked |  0
| 116|0x000000008ce00000, 0x000000008ce00000, 0x000000008cf00000|  0%| F|  |TAMS 0x000000008ce00000| PB 0x000000008ce00000| Untracked |  0
| 117|0x000000008cf00000, 0x000000008cf00000, 0x000000008d000000|  0%| F|  |TAMS 0x000000008cf00000| PB 0x000000008cf00000| Untracked |  0
| 118|0x000000008d000000, 0x000000008d000000, 0x000000008d100000|  0%| F|  |TAMS 0x000000008d000000| PB 0x000000008d000000| Untracked |  0
| 119|0x000000008d100000, 0x000000008d100000, 0x000000008d200000|  0%| F|  |TAMS 0x000000008d100000| PB 0x000000008d100000| Untracked |  0
| 120|0x000000008d200000, 0x000000008d2f7d00, 0x000000008d300000| 96%| E|  |TAMS 0x000000008d200000| PB 0x000000008d200000| Complete |  0
| 121|0x000000008d300000, 0x000000008d400000, 0x000000008d400000|100%| E|CS|TAMS 0x000000008d300000| PB 0x000000008d300000| Complete |  0
| 122|0x000000008d400000, 0x000000008d500000, 0x000000008d500000|100%| E|CS|TAMS 0x000000008d400000| PB 0x000000008d400000| Complete |  0
| 123|0x000000008d500000, 0x000000008d600000, 0x000000008d600000|100%| E|CS|TAMS 0x000000008d500000| PB 0x000000008d500000| Complete |  0

Card table byte_map: [0x0000027978f70000,0x0000027979350000] _byte_map_base: 0x0000027978b43000

Marking Bits: (CMBitMap*) 0x00000279703111a0
 Bits: [0x0000027979350000, 0x000002797b1e8000)

Polling page: 0x000002796e450000

Metaspace:

Usage:
  Non-class:     14.80 MB used.
      Class:      1.84 MB used.
       Both:     16.65 MB used.

Virtual space:
  Non-class space:       64.00 MB reserved,      15.00 MB ( 23%) committed,  1 nodes.
      Class space:        1.00 GB reserved,       2.00 MB ( <1%) committed,  1 nodes.
             Both:        1.06 GB reserved,      17.00 MB (  2%) committed. 

Chunk freelists:
   Non-Class:  981.00 KB
       Class:  13.94 MB
        Both:  14.90 MB

MaxMetaspaceSize: unlimited
CompressedClassSpaceSize: 1.00 GB
Initial GC threshold: 21.00 MB
Current GC threshold: 21.00 MB
CDS: on
 - commit_granule_bytes: 65536.
 - commit_granule_words: 8192.
 - virtual_space_node_default_size: 8388608.
 - enlarge_chunks_in_place: 1.
 - use_allocation_guard: 0.


Internal statistics:

num_allocs_failed_limit: 0.
num_arena_births: 400.
num_arena_deaths: 0.
num_vsnodes_births: 2.
num_vsnodes_deaths: 0.
num_space_committed: 272.
num_space_uncommitted: 0.
num_chunks_returned_to_freelist: 0.
num_chunks_taken_from_freelist: 602.
num_chunk_merges: 0.
num_chunk_splits: 328.
num_chunks_enlarged: 102.
num_inconsistent_stats: 0.

CodeHeap 'non-profiled nmethods': size=120000Kb used=1438Kb max_used=1438Kb free=118561Kb
 bounds [0x0000027907ad0000, 0x0000027907d40000, 0x000002790f000000]
CodeHeap 'profiled nmethods': size=120000Kb used=6328Kb max_used=6328Kb free=113671Kb
 bounds [0x0000027900000000, 0x0000027900630000, 0x0000027907530000]
CodeHeap 'non-nmethods': size=5760Kb used=1682Kb max_used=1727Kb free=4077Kb
 bounds [0x0000027907530000, 0x00000279077a0000, 0x0000027907ad0000]
 total_blobs=4151 nmethods=3427 adapters=627
 compilation: enabled
              stopped_count=0, restarted_count=0
 full_count=0

Compilation events (20 events):
Event: 360.011 Thread 0x000002797dc316f0 3417   !   4       java.io.ObjectOutputStream::writeObject0 (620 bytes)
Event: 360.125 Thread 0x000002797dc316f0 nmethod 3417 0x0000027907c28190 code [0x0000027907c28620, 0x0000027907c2b0b8]
Event: 364.937 Thread 0x000002797dc316f0 3418       4       java.util.ArrayList::toArray (57 bytes)
Event: 364.943 Thread 0x000002797dc316f0 nmethod 3418 0x0000027907c2d290 code [0x0000027907c2d440, 0x0000027907c2d910]
Event: 367.575 Thread 0x000002797dc316f0 3419       4       java.util.TreeMap::put (221 bytes)
Event: 367.645 Thread 0x000002797dc316f0 nmethod 3419 0x0000027907c2db10 code [0x0000027907c2ddc0, 0x0000027907c2f640]
Event: 368.660 Thread 0x000002797dc316f0 3420       4       java.io.ObjectOutputStream$BlockDataOutputStream::writeLong (48 bytes)
Event: 368.664 Thread 0x000002797dc316f0 nmethod 3420 0x0000027907c30390 code [0x0000027907c30520, 0x0000027907c30650]
Event: 375.119 Thread 0x000002797dc316f0 3421       4       java.lang.Long::stringSize (55 bytes)
Event: 375.124 Thread 0x000002797dc316f0 nmethod 3421 0x0000027907c30810 code [0x0000027907c309a0, 0x0000027907c30b80]
Event: 375.763 Thread 0x000002797dc316f0 3422       4       java.util.ArrayList::toArray (57 bytes)
Event: 375.771 Thread 0x000002797dc316f0 nmethod 3422 0x0000027907c30c10 code [0x0000027907c30dc0, 0x0000027907c313f8]
Event: 383.736 Thread 0x000002797dc316f0 3423   !   4       java.io.ObjectInputStream::readObject0 (681 bytes)
Event: 383.847 Thread 0x000002797dc316f0 nmethod 3423 0x0000027907c31610 code [0x0000027907c31ac0, 0x0000027907c34860]
Event: 383.848 Thread 0x000002797dc316f0 3424       4       java.io.ObjectInputStream$BlockDataInputStream::currentBlockRemaining (41 bytes)
Event: 383.849 Thread 0x000002797dc316f0 nmethod 3424 0x0000027907c36810 code [0x0000027907c369a0, 0x0000027907c36a68]
Event: 384.809 Thread 0x000002797dc316f0 3425   !   4       java.io.ObjectInputStream::readObject (160 bytes)
Event: 384.817 Thread 0x000002797dc316f0 nmethod 3425 0x0000027907c36b10 code [0x0000027907c36ce0, 0x0000027907c370c0]
Event: 386.965 Thread 0x000002797dc327b0 3427       3       sun.java2d.pipe.RenderBuffer::clear (9 bytes)
Event: 386.966 Thread 0x000002797dc327b0 nmethod 3427 0x000002790062de90 code [0x000002790062e020, 0x000002790062e130]

GC Heap History (6 events):
Event: 1.185 GC heap before
{Heap before GC invocations=0 (full 0):
 garbage-first heap   total reserved 2004992K, committed 126976K, used 30720K [0x0000000085a00000, 0x0000000100000000)
  region size 1024K, 24 young (24576K), 0 survivors (0K)
 Metaspace       used 14524K, committed 14848K, reserved 1114112K
  class space    used 1719K, committed 1856K, reserved 1048576K
}
Event: 1.193 GC heap after
{Heap after GC invocations=1 (full 0):
 garbage-first heap   total reserved 2004992K, committed 126976K, used 10410K [0x0000000085a00000, 0x0000000100000000)
  region size 1024K, 3 young (3072K), 3 survivors (3072K)
 Metaspace       used 14524K, committed 14848K, reserved 1114112K
  class space    used 1719K, committed 1856K, reserved 1048576K
}
Event: 1.412 GC heap before
{Heap before GC invocations=1 (full 0):
 garbage-first heap   total reserved 2004992K, committed 126976K, used 46250K [0x0000000085a00000, 0x0000000100000000)
  region size 1024K, 34 young (34816K), 3 survivors (3072K)
 Metaspace       used 14532K, committed 14848K, reserved 1114112K
  class space    used 1719K, committed 1856K, reserved 1048576K
}
Event: 1.416 GC heap after
{Heap after GC invocations=2 (full 0):
 garbage-first heap   total reserved 2004992K, committed 126976K, used 15112K [0x0000000085a00000, 0x0000000100000000)
  region size 1024K, 1 young (1024K), 1 survivors (1024K)
 Metaspace       used 14532K, committed 14848K, reserved 1114112K
  class space    used 1719K, committed 1856K, reserved 1048576K
}
Event: 331.936 GC heap before
{Heap before GC invocations=2 (full 0):
 garbage-first heap   total reserved 2004992K, committed 126976K, used 118536K [0x0000000085a00000, 0x0000000100000000)
  region size 1024K, 74 young (75776K), 1 survivors (1024K)
 Metaspace       used 17043K, committed 17408K, reserved 1114112K
  class space    used 1888K, committed 2048K, reserved 1048576K
}
Event: 331.941 GC heap after
{Heap after GC invocations=3 (full 0):
 garbage-first heap   total reserved 2004992K, committed 126976K, used 45209K [0x0000000085a00000, 0x0000000100000000)
  region size 1024K, 2 young (2048K), 2 survivors (2048K)
 Metaspace       used 17043K, committed 17408K, reserved 1114112K
  class space    used 1888K, committed 2048K, reserved 1048576K
}

Dll operation events (16 events):
Event: 0.021 Loaded shared library C:\Users\ncore\.jdks\corretto-22.0.2\bin\java.dll
Event: 0.072 Loaded shared library C:\Users\ncore\.jdks\corretto-22.0.2\bin\jsvml.dll
Event: 0.152 Loaded shared library C:\Users\ncore\.jdks\corretto-22.0.2\bin\zip.dll
Event: 0.159 Loaded shared library C:\Users\ncore\.jdks\corretto-22.0.2\bin\instrument.dll
Event: 0.169 Loaded shared library C:\Users\ncore\.jdks\corretto-22.0.2\bin\net.dll
Event: 0.173 Loaded shared library C:\Users\ncore\.jdks\corretto-22.0.2\bin\nio.dll
Event: 0.179 Loaded shared library C:\Users\ncore\.jdks\corretto-22.0.2\bin\zip.dll
Event: 0.195 Loaded shared library C:\Program Files\JetBrains\IntelliJ IDEA 2024.3\bin\breakgen64.dll
Event: 0.213 Loaded shared library C:\Users\ncore\.jdks\corretto-22.0.2\bin\extnet.dll
Event: 0.233 Loaded shared library C:\Users\ncore\.jdks\corretto-22.0.2\bin\jimage.dll
Event: 0.241 Loaded shared library C:\Users\ncore\.jdks\corretto-22.0.2\bin\awt.dll
Event: 0.294 Loaded shared library C:\Users\ncore\.jdks\corretto-22.0.2\bin\management.dll
Event: 0.311 Loaded shared library C:\Users\ncore\.jdks\corretto-22.0.2\bin\management_ext.dll
Event: 0.603 Loaded shared library C:\Users\ncore\.jdks\corretto-22.0.2\bin\freetype.dll
Event: 0.606 Loaded shared library C:\Users\ncore\.jdks\corretto-22.0.2\bin\fontmanager.dll
Event: 1.150 Loaded shared library C:\Users\ncore\.jdks\corretto-22.0.2\bin\javajpeg.dll

Deoptimization events (20 events):
Event: 300.828 Thread 0x00000279559acd40 Uncommon trap: trap_request=0xffffff45 fr.pc=0x0000027907c01ed0 relative=0x0000000000002e70
Event: 300.828 Thread 0x00000279559acd40 Uncommon trap: reason=unstable_if action=reinterpret pc=0x0000027907c01ed0 method=java.io.ObjectStreamField.isPrimitive()Z @ 14 c2
Event: 300.828 Thread 0x00000279559acd40 DEOPT PACKING pc=0x0000027907c01ed0 sp=0x0000007da3efe1a0
Event: 300.828 Thread 0x00000279559acd40 DEOPT UNPACKING pc=0x00000279075846a2 sp=0x0000007da3efe038 mode 2
Event: 300.828 Thread 0x00000279559acd40 Uncommon trap: trap_request=0xffffff45 fr.pc=0x0000027907bfc238 relative=0x00000000000012d8
Event: 300.828 Thread 0x00000279559acd40 Uncommon trap: reason=unstable_if action=reinterpret pc=0x0000027907bfc238 method=java.io.ObjectStreamClass$FieldReflector.getObjFieldValues(Ljava/lang/Object;[Ljava/lang/Object;)V @ 39 c2
Event: 300.828 Thread 0x00000279559acd40 DEOPT PACKING pc=0x0000027907bfc238 sp=0x0000007da3efe1a0
Event: 300.828 Thread 0x00000279559acd40 DEOPT UNPACKING pc=0x00000279075846a2 sp=0x0000007da3efe070 mode 2
Event: 300.828 Thread 0x00000279559acd40 Uncommon trap: trap_request=0xffffff45 fr.pc=0x0000027907be62e0 relative=0x00000000000021c0
Event: 300.828 Thread 0x00000279559acd40 Uncommon trap: reason=unstable_if action=reinterpret pc=0x0000027907be62e0 method=java.io.ObjectOutputStream.writeObject0(Ljava/lang/Object;Z)V @ 459 c2
Event: 300.828 Thread 0x00000279559acd40 DEOPT PACKING pc=0x0000027907be62e0 sp=0x0000007da3efe0e0
Event: 300.828 Thread 0x00000279559acd40 DEOPT UNPACKING pc=0x00000279075846a2 sp=0x0000007da3efe0b8 mode 2
Event: 365.046 Thread 0x0000027955c0b310 Uncommon trap: trap_request=0xffffffdc fr.pc=0x0000027907c2d68c relative=0x000000000000024c
Event: 365.047 Thread 0x0000027955c0b310 Uncommon trap: reason=class_check action=make_not_entrant pc=0x0000027907c2d68c method=java.util.ArrayList.toArray([Ljava/lang/Object;)[Ljava/lang/Object; @ 21 c2
Event: 365.047 Thread 0x0000027955c0b310 DEOPT PACKING pc=0x0000027907c2d68c sp=0x0000007da49fef50
Event: 365.047 Thread 0x0000027955c0b310 DEOPT UNPACKING pc=0x00000279075846a2 sp=0x0000007da49fef10 mode 2
Event: 376.191 Thread 0x00000279559acd40 Uncommon trap: trap_request=0xffffffcc fr.pc=0x0000027907c3112c relative=0x000000000000036c
Event: 376.191 Thread 0x00000279559acd40 Uncommon trap: reason=intrinsic_or_type_checked_inlining action=make_not_entrant pc=0x0000027907c3112c method=java.util.ArrayList.toArray([Ljava/lang/Object;)[Ljava/lang/Object; @ 36 c2
Event: 376.191 Thread 0x00000279559acd40 DEOPT PACKING pc=0x0000027907c3112c sp=0x0000007da3efdff0
Event: 376.191 Thread 0x00000279559acd40 DEOPT UNPACKING pc=0x00000279075846a2 sp=0x0000007da3efdfc0 mode 2

Classes loaded (20 events):
Event: 10.222 Loading class java/awt/event/MouseWheelEvent
Event: 10.223 Loading class java/awt/event/MouseWheelEvent done
Event: 11.806 Loading class sun/awt/DebugSettings
Event: 11.806 Loading class sun/awt/DebugSettings done
Event: 11.807 Loading class javax/swing/JComponent$KeyboardState
Event: 11.810 Loading class javax/swing/JComponent$KeyboardState done
Event: 11.810 Loading class javax/swing/JComponent$IntVector
Event: 11.810 Loading class javax/swing/JComponent$IntVector done
Event: 11.810 Loading class javax/swing/JInternalFrame
Event: 11.811 Loading class javax/swing/JInternalFrame done
Event: 11.811 Loading class javax/swing/KeyboardManager
Event: 11.812 Loading class javax/swing/KeyboardManager done
Event: 11.812 Loading class javax/swing/Popup$HeavyWeightWindow
Event: 11.812 Loading class sun/awt/ModalExclude
Event: 11.812 Loading class sun/awt/ModalExclude done
Event: 11.812 Loading class javax/swing/JWindow
Event: 11.812 Loading class javax/swing/JWindow done
Event: 11.812 Loading class javax/swing/Popup$HeavyWeightWindow done
Event: 12.592 Loading class java/awt/LightweightDispatcher$2
Event: 12.592 Loading class java/awt/LightweightDispatcher$2 done

Classes unloaded (0 events):
No events

Classes redefined (0 events):
No events

Internal exceptions (20 events):
Event: 0.653 Thread 0x000002797dc19b50 Exception <a 'java/lang/NoSuchMethodError'{0x000000008c957908}: 'java.lang.Object java.lang.invoke.DirectMethodHandle$Holder.invokeStaticInit(java.lang.Object, int, int, int, int)'> (0x000000008c957908) 
thrown [s\src\hotspot\share\interpreter\linkResolver.cpp, line 774]
Event: 0.685 Thread 0x000002797dc19b50 Exception <a 'java/lang/NoSuchMethodError'{0x000000008c995270}: 'java.lang.Object java.lang.invoke.DirectMethodHandle$Holder.invokeStaticInit(java.lang.Object, java.lang.Object, int, int, int, int)'> (0x000000008c995270) 
thrown [s\src\hotspot\share\interpreter\linkResolver.cpp, line 774]
Event: 0.717 Thread 0x000002797dc19b50 Exception <a 'java/lang/ClassNotFoundException'{0x000000008c9b1690}: javax/management/remote/rmi/RMIServerImpl_Skel> (0x000000008c9b1690) 
thrown [s\src\hotspot\share\classfile\systemDictionary.cpp, line 313]
Event: 0.742 Thread 0x000002797dc19b50 Exception <a 'java/lang/NoSuchMethodError'{0x000000008c9ccab0}: 'long java.lang.invoke.DirectMethodHandle$Holder.invokeSpecial(java.lang.Object, java.lang.Object)'> (0x000000008c9ccab0) 
thrown [s\src\hotspot\share\interpreter\linkResolver.cpp, line 774]
Event: 0.742 Thread 0x000002797dc19b50 Exception <a 'java/lang/NoSuchMethodError'{0x000000008c9d0188}: 'long java.lang.invoke.Invokers$Holder.invokeExact_MT(java.lang.Object, java.lang.Object)'> (0x000000008c9d0188) 
thrown [s\src\hotspot\share\interpreter\linkResolver.cpp, line 774]
Event: 0.794 Thread 0x00000279559acd40 Exception <a 'java/lang/NoSuchMethodError'{0x000000008c7516c0}: static [B.<clinit>()V> (0x000000008c7516c0) 
thrown [s\src\hotspot\share\prims\jni.cpp, line 1111]
Event: 0.796 Thread 0x00000279559acd40 Exception <a 'java/lang/NoSuchMethodError'{0x000000008c755838}: 'java.lang.Object java.lang.invoke.DirectMethodHandle$Holder.invokeInterface(java.lang.Object, java.lang.Object, java.lang.Object)'> (0x000000008c755838) 
thrown [s\src\hotspot\share\interpreter\linkResolver.cpp, line 774]
Event: 0.812 Thread 0x00000279559acd40 Exception <a 'java/lang/ClassNotFoundException'{0x000000008c6f68a0}: javax/management/remote/rmi/RMIConnectionImpl_Skel> (0x000000008c6f68a0) 
thrown [s\src\hotspot\share\classfile\systemDictionary.cpp, line 313]
Event: 0.816 Thread 0x0000027955c0b9a0 Exception <a 'java/lang/NoSuchMethodError'{0x000000008c6a79f0}: 'java.lang.Object java.lang.invoke.Invokers$Holder.linkToTargetMethod(java.lang.Object, long, java.lang.Object)'> (0x000000008c6a79f0) 
thrown [s\src\hotspot\share\interpreter\linkResolver.cpp, line 774]
Event: 0.819 Thread 0x0000027954485170 Implicit null exception at 0x0000027907b1360d to 0x0000027907b13fd4
Event: 0.822 Thread 0x00000279559acd40 Exception <a 'java/lang/NoSuchMethodError'{0x000000008c516768}: 'java.lang.Object java.lang.invoke.DirectMethodHandle$Holder.invokeInterface(java.lang.Object, java.lang.Object)'> (0x000000008c516768) 
thrown [s\src\hotspot\share\interpreter\linkResolver.cpp, line 774]
Event: 0.832 Thread 0x00000279559acd40 Exception <a 'java/lang/NoSuchMethodError'{0x000000008c53b968}: 'int java.lang.invoke.DelegatingMethodHandle$Holder.reinvoke_L(java.lang.Object, java.lang.Object, java.lang.Object, java.lang.Object, java.lang.Object)'> (0x000000008c53b968) 
thrown [s\src\hotspot\share\interpreter\linkResolver.cpp, line 774]
Event: 0.840 Thread 0x00000279559acd40 Exception <a 'java/lang/NoSuchMethodError'{0x000000008c555a08}: 'java.lang.Object java.lang.invoke.DirectMethodHandle$Holder.invokeInterface(java.lang.Object, java.lang.Object, java.lang.Object, java.lang.Object, java.lang.Object)'> (0x000000008c555a08) 
thrown [s\src\hotspot\share\interpreter\linkResolver.cpp, line 774]
Event: 0.847 Thread 0x00000279559acd40 Exception <a 'java/lang/NoSuchMethodError'{0x000000008c579308}: 'double java.lang.invoke.DirectMethodHandle$Holder.invokeInterface(java.lang.Object, java.lang.Object)'> (0x000000008c579308) 
thrown [s\src\hotspot\share\interpreter\linkResolver.cpp, line 774]
Event: 0.848 Thread 0x00000279559acd40 Exception <a 'java/lang/NoSuchMethodError'{0x000000008c580ef0}: 'double java.lang.invoke.DelegatingMethodHandle$Holder.reinvoke_L(java.lang.Object, java.lang.Object)'> (0x000000008c580ef0) 
thrown [s\src\hotspot\share\interpreter\linkResolver.cpp, line 774]
Event: 1.448 Thread 0x00000279559acd40 Exception <a 'java/lang/NoSuchMethodError'{0x000000008d18ef20}: 'long java.lang.invoke.DirectMethodHandle$Holder.invokeVirtual(java.lang.Object, java.lang.Object)'> (0x000000008d18ef20) 
thrown [s\src\hotspot\share\interpreter\linkResolver.cpp, line 774]
Event: 1.449 Thread 0x00000279559acd40 Exception <a 'java/lang/NoSuchMethodError'{0x000000008d192500}: 'long java.lang.invoke.DelegatingMethodHandle$Holder.reinvoke_L(java.lang.Object, java.lang.Object)'> (0x000000008d192500) 
thrown [s\src\hotspot\share\interpreter\linkResolver.cpp, line 774]
Event: 1.996 Thread 0x0000027954485170 Exception <a 'java/lang/NoSuchMethodError'{0x0000000089f5bab8}: 'void java.lang.invoke.DirectMethodHandle$Holder.invokeSpecial(java.lang.Object, java.lang.Object, java.lang.Object, java.lang.Object, java.lang.Object)'> (0x0000000089f5bab8) 
thrown [s\src\hotspot\share\interpreter\linkResolver.cpp, line 774]
Event: 2.996 Thread 0x0000027954485170 Implicit null exception at 0x0000027907b89457 to 0x0000027907b89618
Event: 2.998 Thread 0x0000027954485170 Implicit null exception at 0x0000027907b6d515 to 0x0000027907b6d624

ZGC Phase Switch (0 events):
No events

VM Operations (20 events):
Event: 218.690 Executing VM operation: Cleanup
Event: 218.690 Executing VM operation: Cleanup done
Event: 252.957 Executing VM operation: Cleanup
Event: 252.957 Executing VM operation: Cleanup done
Event: 255.996 Executing VM operation: Cleanup
Event: 255.996 Executing VM operation: Cleanup done
Event: 279.193 Executing VM operation: Cleanup
Event: 279.193 Executing VM operation: Cleanup done
Event: 301.382 Executing VM operation: Cleanup
Event: 301.383 Executing VM operation: Cleanup done
Event: 320.528 Executing VM operation: Cleanup
Event: 320.529 Executing VM operation: Cleanup done
Event: 331.936 Executing VM operation: G1CollectForAllocation (G1 Evacuation Pause)
Event: 331.941 Executing VM operation: G1CollectForAllocation (G1 Evacuation Pause) done
Event: 332.952 Executing VM operation: Cleanup
Event: 332.952 Executing VM operation: Cleanup done
Event: 336.981 Executing VM operation: Cleanup
Event: 336.981 Executing VM operation: Cleanup done
Event: 361.207 Executing VM operation: Cleanup
Event: 361.207 Executing VM operation: Cleanup done

Memory protections (0 events):
No events

Nmethod flushes (0 events):
No events

Events (20 events):
Event: 0.320 Thread 0x000002796e1bfcc0 Thread added: 0x0000027954471020
Event: 0.339 Thread 0x000002796e1bfcc0 Thread added: 0x0000027954485170
Event: 0.340 Thread 0x000002796e1bfcc0 Thread exited: 0x000002796e1bfcc0
Event: 0.340 Thread 0x000002796e1bfcc0 Thread added: 0x000002796e1bfcc0
Event: 0.509 Thread 0x000002797dc327b0 Thread added: 0x0000027955985d80
Event: 0.541 Thread 0x000002797dc327b0 Thread added: 0x0000027955985090
Event: 0.734 Thread 0x000002797dc19b50 Thread added: 0x0000027955cb42d0
Event: 0.760 Thread 0x0000027955cb42d0 Thread added: 0x00000279559acd40
Event: 0.792 Thread 0x00000279559acd40 Thread added: 0x000002795ab58e90
Event: 0.807 Thread 0x00000279559acd40 Thread added: 0x0000027955c0b9a0
Event: 1.391 Thread 0x0000027955985d80 Thread exited: 0x0000027955985d80
Event: 1.391 Thread 0x0000027955985090 Thread exited: 0x0000027955985090
Event: 1.571 Thread 0x0000027954485170 Thread added: 0x0000027955c09240
Event: 2.710 Thread 0x000002797dc327b0 Thread added: 0x000002795ae9eba0
Event: 2.848 Thread 0x0000027954485170 Thread added: 0x0000027955c0b310
Event: 3.544 Thread 0x000002795ae9eba0 Thread exited: 0x000002795ae9eba0
Event: 8.459 Thread 0x000002797dc316f0 Thread added: 0x000002795ae9f940
Event: 8.467 Thread 0x000002797dc327b0 Thread added: 0x000002795ae9d060
Event: 9.047 Thread 0x000002795ae9d060 Thread exited: 0x000002795ae9d060
Event: 9.049 Thread 0x000002795ae9f940 Thread exited: 0x000002795ae9f940


Dynamic libraries:
0x00007ff6483a0000 - 0x00007ff6483ae000 	C:\Users\ncore\.jdks\corretto-22.0.2\bin\java.exe
0x00007ffd68210000 - 0x00007ffd68408000 	C:\WINDOWS\SYSTEM32\ntdll.dll
0x00007ffd67870000 - 0x00007ffd67932000 	C:\WINDOWS\System32\KERNEL32.DLL
0x00007ffd65d90000 - 0x00007ffd6608e000 	C:\WINDOWS\System32\KERNELBASE.dll
0x00007ffd65c90000 - 0x00007ffd65d90000 	C:\WINDOWS\System32\ucrtbase.dll
0x00007ffd54f00000 - 0x00007ffd54f17000 	C:\Users\ncore\.jdks\corretto-22.0.2\bin\jli.dll
0x00007ffd54f20000 - 0x00007ffd54f3b000 	C:\Users\ncore\.jdks\corretto-22.0.2\bin\VCRUNTIME140.dll
0x00007ffd66490000 - 0x00007ffd6662d000 	C:\WINDOWS\System32\USER32.dll
0x00007ffd48140000 - 0x00007ffd483da000 	C:\WINDOWS\WinSxS\amd64_microsoft.windows.common-controls_6595b64144ccf1df_6.0.19041.4355_none_60b8b9eb71f62e16\COMCTL32.dll
0x00007ffd65a40000 - 0x00007ffd65a62000 	C:\WINDOWS\System32\win32u.dll
0x00007ffd66900000 - 0x00007ffd6699e000 	C:\WINDOWS\System32\msvcrt.dll
0x00007ffd66780000 - 0x00007ffd667ab000 	C:\WINDOWS\System32\GDI32.dll
0x00007ffd65b70000 - 0x00007ffd65c87000 	C:\WINDOWS\System32\gdi32full.dll
0x00007ffd66140000 - 0x00007ffd661dd000 	C:\WINDOWS\System32\msvcp_win.dll
0x00007ffd668d0000 - 0x00007ffd668ff000 	C:\WINDOWS\System32\IMM32.DLL
0x00007ffd5f640000 - 0x00007ffd5f64c000 	C:\Users\ncore\.jdks\corretto-22.0.2\bin\vcruntime140_1.dll
0x00007ffd40220000 - 0x00007ffd402ad000 	C:\Users\ncore\.jdks\corretto-22.0.2\bin\msvcp140.dll
0x00007ffccfd70000 - 0x00007ffcd0b41000 	C:\Users\ncore\.jdks\corretto-22.0.2\bin\server\jvm.dll
0x00007ffd67db0000 - 0x00007ffd67e61000 	C:\WINDOWS\System32\ADVAPI32.dll
0x00007ffd66b50000 - 0x00007ffd66bef000 	C:\WINDOWS\System32\sechost.dll
0x00007ffd67950000 - 0x00007ffd67a73000 	C:\WINDOWS\System32\RPCRT4.dll
0x00007ffd658b0000 - 0x00007ffd658d7000 	C:\WINDOWS\System32\bcrypt.dll
0x00007ffd67c90000 - 0x00007ffd67cfb000 	C:\WINDOWS\System32\WS2_32.dll
0x00007ffd65660000 - 0x00007ffd656ab000 	C:\WINDOWS\SYSTEM32\POWRPROF.dll
0x00007ffd5ae80000 - 0x00007ffd5aea7000 	C:\WINDOWS\SYSTEM32\WINMM.dll
0x00007ffd5c6e0000 - 0x00007ffd5c6ea000 	C:\WINDOWS\SYSTEM32\VERSION.dll
0x00007ffd65640000 - 0x00007ffd65652000 	C:\WINDOWS\SYSTEM32\UMPDC.dll
0x00007ffd640d0000 - 0x00007ffd640e2000 	C:\WINDOWS\SYSTEM32\kernel.appcore.dll
0x00007ffd57e60000 - 0x00007ffd57e6a000 	C:\Users\ncore\.jdks\corretto-22.0.2\bin\jimage.dll
0x00007ffd63eb0000 - 0x00007ffd64094000 	C:\WINDOWS\SYSTEM32\DBGHELP.DLL
0x00007ffd4bc80000 - 0x00007ffd4bcb4000 	C:\WINDOWS\SYSTEM32\dbgcore.DLL
0x00007ffd65a70000 - 0x00007ffd65af2000 	C:\WINDOWS\System32\bcryptPrimitives.dll
0x00007ffd54ef0000 - 0x00007ffd54efe000 	C:\Users\ncore\.jdks\corretto-22.0.2\bin\instrument.dll
0x00007ffd54eb0000 - 0x00007ffd54ece000 	C:\Users\ncore\.jdks\corretto-22.0.2\bin\java.dll
0x00007ffd66c90000 - 0x00007ffd673fd000 	C:\WINDOWS\System32\SHELL32.dll
0x00007ffd67a90000 - 0x00007ffd67bbb000 	C:\WINDOWS\System32\ole32.dll
0x00007ffd67e70000 - 0x00007ffd681c3000 	C:\WINDOWS\System32\combase.dll
0x00007ffd63700000 - 0x00007ffd63ea4000 	C:\WINDOWS\SYSTEM32\windows.storage.dll
0x00007ffd65210000 - 0x00007ffd6523e000 	C:\WINDOWS\SYSTEM32\Wldp.dll
0x00007ffd67bc0000 - 0x00007ffd67c8d000 	C:\WINDOWS\System32\OLEAUT32.dll
0x00007ffd67d00000 - 0x00007ffd67dad000 	C:\WINDOWS\System32\SHCORE.dll
0x00007ffd66310000 - 0x00007ffd66365000 	C:\WINDOWS\System32\shlwapi.dll
0x00007ffd657e0000 - 0x00007ffd65804000 	C:\WINDOWS\SYSTEM32\profapi.dll
0x00007ffd38c50000 - 0x00007ffd38d27000 	C:\Users\ncore\.jdks\corretto-22.0.2\bin\jsvml.dll
0x00007ffd4aa00000 - 0x00007ffd4aa17000 	C:\Users\ncore\.jdks\corretto-22.0.2\bin\zip.dll
0x00007ffd54ea0000 - 0x00007ffd54eb0000 	C:\Users\ncore\.jdks\corretto-22.0.2\bin\net.dll
0x00007ffd64f70000 - 0x00007ffd64fda000 	C:\WINDOWS\system32\mswsock.dll
0x00007ffd4aa20000 - 0x00007ffd4aa36000 	C:\Users\ncore\.jdks\corretto-22.0.2\bin\nio.dll
0x00007ffd4a9e0000 - 0x00007ffd4a9fa000 	C:\Program Files\JetBrains\IntelliJ IDEA 2024.3\bin\breakgen64.dll
0x00007ffd4ad30000 - 0x00007ffd4ad39000 	C:\Users\ncore\.jdks\corretto-22.0.2\bin\extnet.dll
0x00007ffd32990000 - 0x00007ffd32b1c000 	C:\Users\ncore\.jdks\corretto-22.0.2\bin\awt.dll
0x00007ffd61cd0000 - 0x00007ffd61d64000 	C:\WINDOWS\SYSTEM32\apphelp.dll
0x00007ffd64c90000 - 0x00007ffd64d5a000 	C:\WINDOWS\SYSTEM32\DNSAPI.dll
0x00007ffd64c50000 - 0x00007ffd64c8b000 	C:\WINDOWS\SYSTEM32\IPHLPAPI.DLL
0x00007ffd67a80000 - 0x00007ffd67a88000 	C:\WINDOWS\System32\NSI.dll
0x00007ffd594b0000 - 0x00007ffd594ba000 	C:\Windows\System32\rasadhlp.dll
0x00007ffd594f0000 - 0x00007ffd59570000 	C:\WINDOWS\System32\fwpuclnt.dll
0x00007ffd4a9d0000 - 0x00007ffd4a9d9000 	C:\Users\ncore\.jdks\corretto-22.0.2\bin\management.dll
0x00007ffd4a9a0000 - 0x00007ffd4a9ab000 	C:\Users\ncore\.jdks\corretto-22.0.2\bin\management_ext.dll
0x00007ffd67940000 - 0x00007ffd67948000 	C:\WINDOWS\System32\PSAPI.DLL
0x00007ffd62da0000 - 0x00007ffd62e3e000 	C:\WINDOWS\system32\uxtheme.dll
0x00007ffd667b0000 - 0x00007ffd668c5000 	C:\WINDOWS\System32\MSCTF.dll
0x00007ffd62f90000 - 0x00007ffd62fbf000 	C:\WINDOWS\system32\DWMAPI.DLL
0x00007ffd563b0000 - 0x00007ffd564d8000 	C:\WINDOWS\system32\opengl32.dll
0x00007ffd57eb0000 - 0x00007ffd57edc000 	C:\WINDOWS\SYSTEM32\GLU32.dll
0x00007ffd5c2c0000 - 0x00007ffd5c2fb000 	C:\WINDOWS\SYSTEM32\dxcore.dll
0x00007ffd661e0000 - 0x00007ffd6622e000 	C:\WINDOWS\System32\cfgmgr32.dll
0x00007ffd38420000 - 0x00007ffd384a7000 	C:\Users\ncore\.jdks\corretto-22.0.2\bin\freetype.dll
0x00007ffd313e0000 - 0x00007ffd314b7000 	C:\Users\ncore\.jdks\corretto-22.0.2\bin\fontmanager.dll
0x00007ffd65170000 - 0x00007ffd65188000 	C:\WINDOWS\SYSTEM32\CRYPTSP.dll
0x00007ffd64890000 - 0x00007ffd648c4000 	C:\WINDOWS\system32\rsaenh.dll
0x00007ffd65760000 - 0x00007ffd6578e000 	C:\WINDOWS\SYSTEM32\USERENV.dll
0x00007ffd65160000 - 0x00007ffd6516c000 	C:\WINDOWS\SYSTEM32\CRYPTBASE.dll
0x00007ffd4d860000 - 0x00007ffd4d959000 	C:\WINDOWS\SYSTEM32\textinputframework.dll
0x00007ffd61020000 - 0x00007ffd6137b000 	C:\WINDOWS\System32\CoreUIComponents.dll
0x00007ffd61790000 - 0x00007ffd61882000 	C:\WINDOWS\System32\CoreMessaging.dll
0x00007ffd64ae0000 - 0x00007ffd64b13000 	C:\WINDOWS\SYSTEM32\ntmarta.dll
0x00007ffd61ff0000 - 0x00007ffd62147000 	C:\WINDOWS\SYSTEM32\wintypes.dll
0x00007ffd46be0000 - 0x00007ffd46c46000 	C:\WINDOWS\system32\Oleacc.dll
0x00007ffcf1840000 - 0x00007ffcf1857000 	C:\WINDOWS\system32\napinsp.dll
0x00007ffcf1820000 - 0x00007ffcf183b000 	C:\WINDOWS\system32\pnrpnsp.dll
0x00007ffd61f90000 - 0x00007ffd61fa5000 	C:\WINDOWS\system32\wshbth.dll
0x00007ffd5f690000 - 0x00007ffd5f6ad000 	C:\WINDOWS\system32\NLAapi.dll
0x00007ffcf17e0000 - 0x00007ffcf17f2000 	C:\WINDOWS\System32\winrnr.dll
0x00007ffd55380000 - 0x00007ffd553d1000 	C:\WINDOWS\SYSTEM32\pdh.dll
0x00007ffd663d0000 - 0x00007ffd66479000 	C:\WINDOWS\System32\clbcatq.dll
0x00007ffd62b90000 - 0x00007ffd62d44000 	C:\WINDOWS\SYSTEM32\WindowsCodecs.dll
0x00007ffd45640000 - 0x00007ffd4567e000 	C:\WINDOWS\system32\dataexchange.dll
0x00007ffd60420000 - 0x00007ffd60683000 	C:\WINDOWS\system32\d3d11.dll
0x00007ffd60cc0000 - 0x00007ffd60ea4000 	C:\WINDOWS\system32\dcomp.dll
0x00007ffd64140000 - 0x00007ffd64236000 	C:\WINDOWS\system32\dxgi.dll
0x00007ffd5ee00000 - 0x00007ffd5f003000 	C:\WINDOWS\system32\twinapi.appcore.dll
0x00007ffd4a960000 - 0x00007ffd4a98d000 	C:\Users\ncore\.jdks\corretto-22.0.2\bin\javajpeg.dll
0x00007ffd52a00000 - 0x00007ffd52a0f000 	C:\WINDOWS\System32\perfproc.dll

dbghelp: loaded successfully - version: 4.0.5 - missing functions: none
symbol engine: initialized successfully - sym options: 0x614 - pdb path: .;C:\Users\ncore\.jdks\corretto-22.0.2\bin;C:\WINDOWS\SYSTEM32;C:\WINDOWS\WinSxS\amd64_microsoft.windows.common-controls_6595b64144ccf1df_6.0.19041.4355_none_60b8b9eb71f62e16;C:\Users\ncore\.jdks\corretto-22.0.2\bin\server;C:\Program Files\JetBrains\IntelliJ IDEA 2024.3\bin;C:\WINDOWS\System32\DriverStore\FileRepository\u0323352.inf_amd64_5c93cacc9243b649\B322312

VM Arguments:
jvm_args: -javaagent:C:\Program Files\JetBrains\IntelliJ IDEA 2024.3\lib\idea_rt.jar=51520:C:\Program Files\JetBrains\IntelliJ IDEA 2024.3\bin -Dfile.encoding=UTF-8 -Dsun.stdout.encoding=UTF-8 -Dsun.stderr.encoding=UTF-8 
java_command: Main
java_class_path (initial): C:\Users\ncore\Documents\GitHub\Pizza-Project\out\production\PizzaProjectGroup7
Launcher Type: SUN_STANDARD

[Global flags]
     intx CICompilerCount                          = 4                                         {product} {ergonomic}
     uint ConcGCThreads                            = 2                                         {product} {ergonomic}
     uint G1ConcRefinementThreads                  = 8                                         {product} {ergonomic}
   size_t G1HeapRegionSize                         = 1048576                                   {product} {ergonomic}
   size_t InitialHeapSize                          = 130023424                                 {product} {ergonomic}
   size_t MarkStackSize                            = 4194304                                   {product} {ergonomic}
   size_t MaxHeapSize                              = 2053111808                                {product} {ergonomic}
   size_t MaxNewSize                               = 1231028224                                {product} {ergonomic}
   size_t MinHeapDeltaBytes                        = 1048576                                   {product} {ergonomic}
   size_t MinHeapSize                              = 8388608                                   {product} {ergonomic}
    uintx NonNMethodCodeHeapSize                   = 5839372                                {pd product} {ergonomic}
    uintx NonProfiledCodeHeapSize                  = 122909434                              {pd product} {ergonomic}
    uintx ProfiledCodeHeapSize                     = 122909434                              {pd product} {ergonomic}
    uintx ReservedCodeCacheSize                    = 251658240                              {pd product} {ergonomic}
     bool SegmentedCodeCache                       = true                                      {product} {ergonomic}
   size_t SoftMaxHeapSize                          = 2053111808                             {manageable} {ergonomic}
     bool UseCompressedOops                        = true                           {product lp64_product} {ergonomic}
     bool UseG1GC                                  = true                                      {product} {ergonomic}
     bool UseLargePagesIndividualAllocation        = false                                  {pd product} {ergonomic}

Logging:
Log output configuration:
 #0: stdout all=warning uptime,level,tags foldmultilines=false
 #1: stderr all=off uptime,level,tags foldmultilines=false

Environment Variables:
PATH=C:\WINDOWS\system32;C:\WINDOWS;C:\WINDOWS\System32\Wbem;C:\WINDOWS\System32\WindowsPowerShell\v1.0\;C:\WINDOWS\System32\OpenSSH\;C:\Program Files\dotnet\;C:\Program Files (x86)\Windows Kits\10\Windows Performance Toolkit\;C:\Program Files\Git\cmd;C:\Users\ncore\AppData\Local\Microsoft\WindowsApps;C:\Users\ncore\AppData\Local\gitkraken\bin;C:\Users\ncore\.dotnet\tools;C:\Users\ncore\AppData\Local\GitHubDesktop\bin
USERNAME=ncore
OS=Windows_NT
PROCESSOR_IDENTIFIER=AMD64 Family 23 Model 17 Stepping 0, AuthenticAMD
TMP=C:\Users\ncore\AppData\Local\Temp
TEMP=C:\Users\ncore\AppData\Local\Temp




Periodic native trim disabled

---------------  S Y S T E M  ---------------

OS:
 Windows 10 , 64 bit Build 19041 (10.0.19041.5072)
OS uptime: 0 days 18:42 hours

CPU: total 8 (initial active 8) (8 cores per cpu, 2 threads per core) family 23 model 17 stepping 0 microcode 0x0, cx8, cmov, fxsr, ht, mmx, 3dnowpref, sse, sse2, sse3, ssse3, sse4a, sse4.1, sse4.2, popcnt, lzcnt, tsc, tscinvbit, avx, avx2, aes, clmul, bmi1, bmi2, adx, sha, fma, vzeroupper, clflush, clflushopt, rdtscp, f16c
Processor Information for all 8 processors :
  Max Mhz: 2000, Current Mhz: 2000, Mhz Limit: 2000

Memory: 4k page, system-wide physical 7828M (1838M free)
TotalPageFile size 13352M (AvailPageFile size 3824M)
current process WorkingSet (physical memory assigned to process): 241M, peak: 269M
current process commit charge ("private bytes"): 298M, peak: 336M

vm_info: OpenJDK 64-Bit Server VM (22.0.2+9-FR) for windows-amd64 JRE (22.0.2+9-FR), built on 2024-07-09T01:10:09Z by "Administrator" with MS VC++ 16.10 / 16.11 (VS2019)

END.
